223.104.213.10 - - [29/Mar/2019:22:13:27 +0800] "GET /logo?nsukey=LmN6PW48dxqRtXpIcAb0bNcsRrwnnMMLaBGky435KTNe0GUcKjTaIUOWJqBwxV07vUT%2BR0BublYx1kJLOBWF9bHKuzxxMeL2Xu%2BJenY0tN5BHxjNMkH5E2RTkiwid%2BDB5O%2B0o6j%2F4sfcrl%2FMq9bYTSthNuo%2BKBgz6ltfqa5ZDAQJnS4m7%2BD1MmkG75mrSlRRnYORJEXt0uQDAMkN%2FhkHBg%3D%3D HTTP/1.1" 200 2062 "-" "Mozilla/5.0 (iPhone; CPU iPhone OS 12_1_4 like Mac OS X) AppleWebKit/605.1.15 (KHTML, like Gecko) Mobile/16D57 MicroMessenger/7.0.3(0x17000321) NetType/4G Language/zh_CN"
101.89.239.120 - - [29/Mar/2019:22:14:14 +0800] "GET /?nsukey=hYlgQLsjPzOg9OrFvNniR79GqLBbbCrumPvny%2FSwVY8dyJ9TNBytxBe5rSgtePgy3QPjU0Oy7xVxgTsz7qhTuqn7obL%2FilCjDVrDSNSPy7Jm7Gt7yDZivX8ws%2BkKuBYxP5HoqS9MBLqKX%2BLPy3LSa6AR%2BljBOAVfcssaQUoH6uYsijavUjlw6Cl4%2ByAiOMx9ZsLb4%2BIACKru%2BKKhIU9AXA%3D%3D HTTP/1.1" 200 2062 "-" "Mozilla/5.0 (iPhone; CPU iPhone OS 10_2_1 like Mac OS X) AppleWebKit/602.4.6 (KHTML, like Gecko) Mobile/14D27 MicroMessenger/6.5.5 NetType/WIFI Language/zh_CN"
101.89.239.120 - - [29/Mar/2019:22:14:15 +0800] "GET /static/js/2.cd5c2e8e.chunk.js HTTP/1.1" 200 262144 "http://47.111.175.180/?nsukey=hYlgQLsjPzOg9OrFvNniR79GqLBbbCrumPvny%2FSwVY8dyJ9TNBytxBe5rSgtePgy3QPjU0Oy7xVxgTsz7qhTuqn7obL%2FilCjDVrDSNSPy7Jm7Gt7yDZivX8ws%2BkKuBYxP5HoqS9MBLqKX%2BLPy3LSa6AR%2BljBOAVfcssaQUoH6uYsijavUjlw6Cl4%2ByAiOMx9ZsLb4%2BIACKru%2BKKhIU9AXA%3D%3D" "Mozilla/5.0 (Linux; Android 4.4.4; Coolpad Y82-520 Build/KTU84P) AppleWebKit/537.36 (KHTML, like Gecko) Version/4.0 Chrome/33.0.0.0 Mobile Safari/537.36 MicroMessenger/6.5.4.1000 NetType/4G Language/zh_CN"
101.89.239.120 - - [29/Mar/2019:22:14:15 +0800] "GET /static/js/main.d988deb9.chunk.js HTTP/1.1" 200 5996 "http://47.111.175.180/?nsukey=hYlgQLsjPzOg9OrFvNniR79GqLBbbCrumPvny%2FSwVY8dyJ9TNBytxBe5rSgtePgy3QPjU0Oy7xVxgTsz7qhTuqn7obL%2FilCjDVrDSNSPy7Jm7Gt7yDZivX8ws%2BkKuBYxP5HoqS9MBLqKX%2BLPy3LSa6AR%2BljBOAVfcssaQUoH6uYsijavUjlw6Cl4%2ByAiOMx9ZsLb4%2BIACKru%2BKKhIU9AXA%3D%3D" "Mozilla/5.0 (Linux; Android 4.4.4; HUAWEI ALE-CL00 Build/HuaweiALE-CL00; wv) AppleWebKit/537.36 (KHTML, like Gecko) Version/4.0 Chrome/53.0.2785.49 Mobile MQQBrowser/6.2 TBS/043024 Safari/537.36 MicroMessenger/6.5.4.1000 NetType/4G Language/zh_CN"
61.151.178.217 - - [29/Mar/2019:22:14:27 +0800] "GET /logo?nsukey=LmN6PW48dxqRtXpIcAb0bNcsRrwnnMMLaBGky435KTNe0GUcKjTaIUOWJqBwxV07vUT%2BR0BublYx1kJLOBWF9bHKuzxxMeL2Xu%2BJenY0tN5BHxjNMkH5E2RTkiwid%2BDB5O%2B0o6j%2F4sfcrl%2FMq9bYTSthNuo%2BKBgz6ltfqa5ZDAQJnS4m7%2BD1MmkG75mrSlRRnYORJEXt0uQDAMkN%2FhkHBg%3D%3D HTTP/1.1" 200 2062 "-" "Mozilla/5.0 (Linux; Android 4.4.4; HUAWEI ALE-CL00 Build/HuaweiALE-CL00; wv) AppleWebKit/537.36 (KHTML, like Gecko) Version/4.0 Chrome/53.0.2785.49 Mobile MQQBrowser/6.2 TBS/043024 Safari/537.36 MicroMessenger/6.5.4.1000 NetType/4G Language/zh_CN"
223.104.213.10 - - [29/Mar/2019:22:14:32 +0800] "GET /logo?nsukey=LmN6PW48dxqRtXpIcAb0bNcsRrwnnMMLaBGky435KTNe0GUcKjTaIUOWJqBwxV07vUT%2BR0BublYx1kJLOBWF9bHKuzxxMeL2Xu%2BJenY0tN5BHxjNMkH5E2RTkiwid%2BDB5O%2B0o6j%2F4sfcrl%2FMq9bYTSthNuo%2BKBgz6ltfqa5ZDAQJnS4m7%2BD1MmkG75mrSlRRnYORJEXt0uQDAMkN%2FhkHBg%3D%3D HTTP/1.1" 200 2062 "-" "Mozilla/5.0 (iPhone; CPU iPhone OS 12_1_4 like Mac OS X) AppleWebKit/605.1.15 (KHTML, like Gecko) Mobile/16D57 MicroMessenger/7.0.3(0x17000321) NetType/4G Language/zh_CN"
61.151.178.217 - - [29/Mar/2019:22:14:32 +0800] "GET /static/js/2.cd5c2e8e.chunk.js HTTP/1.1" 200 393216 "http://47.111.175.180/logo?nsukey=LmN6PW48dxqRtXpIcAb0bNcsRrwnnMMLaBGky435KTNe0GUcKjTaIUOWJqBwxV07vUT%2BR0BublYx1kJLOBWF9bHKuzxxMeL2Xu%2BJenY0tN5BHxjNMkH5E2RTkiwid%2BDB5O%2B0o6j%2F4sfcrl%2FMq9bYTSthNuo%2BKBgz6ltfqa5ZDAQJnS4m7%2BD1MmkG75mrSlRRnYORJEXt0uQDAMkN%2FhkHBg%3D%3D" "Mozilla/5.0 (Linux; Android 6.0.1; OPPO R9s Build/MMB29M) AppleWebKit/537.36 (KHTML, like Gecko) Version/4.0 Chrome/37.0.0.0 Mobile MQQBrowser/6.9 TBS/036906 Safari/537.36 MicroMessenger/6.5.4.1000 NetType/4G Language/zh_CN"
61.151.178.217 - - [29/Mar/2019:22:14:32 +0800] "GET /static/js/main.d988deb9.chunk.js HTTP/1.1" 200 5996 "http://47.111.175.180/logo?nsukey=LmN6PW48dxqRtXpIcAb0bNcsRrwnnMMLaBGky435KTNe0GUcKjTaIUOWJqBwxV07vUT%2BR0BublYx1kJLOBWF9bHKuzxxMeL2Xu%2BJenY0tN5BHxjNMkH5E2RTkiwid%2BDB5O%2B0o6j%2F4sfcrl%2FMq9bYTSthNuo%2BKBgz6ltfqa5ZDAQJnS4m7%2BD1MmkG75mrSlRRnYORJEXt0uQDAMkN%2FhkHBg%3D%3D" "Mozilla/5.0 (iPhone; CPU iPhone OS 10_2_1 like Mac OS X) AppleWebKit/602.4.6 (KHTML, like Gecko) Mobile/14D27 MicroMessenger/6.5.5 NetType/WIFI Language/zh_CN"
223.104.213.10 - - [29/Mar/2019:22:19:40 +0800] "GET /logo HTTP/1.1" 304 0 "-" "Mozilla/5.0 (iPhone; CPU iPhone OS 12_1_4 like Mac OS X) AppleWebKit/605.1.15 (KHTML, like Gecko) Version/12.0 Mobile/15E148 Safari/604.1"
223.104.213.10 - - [29/Mar/2019:22:19:40 +0800] "GET /static/js/2.cd5c2e8e.chunk.js HTTP/1.1" 304 0 "http://47.111.175.180/logo" "Mozilla/5.0 (iPhone; CPU iPhone OS 12_1_4 like Mac OS X) AppleWebKit/605.1.15 (KHTML, like Gecko) Version/12.0 Mobile/15E148 Safari/604.1"
223.104.213.10 - - [29/Mar/2019:22:19:40 +0800] "GET /static/css/main.429051dc.chunk.css HTTP/1.1" 304 0 "http://47.111.175.180/logo" "Mozilla/5.0 (iPhone; CPU iPhone OS 12_1_4 like Mac OS X) AppleWebKit/605.1.15 (KHTML, like Gecko) Version/12.0 Mobile/15E148 Safari/604.1"
223.104.213.10 - - [29/Mar/2019:22:19:40 +0800] "GET /static/js/main.d988deb9.chunk.js HTTP/1.1" 304 0 "http://47.111.175.180/logo" "Mozilla/5.0 (iPhone; CPU iPhone OS 12_1_4 like Mac OS X) AppleWebKit/605.1.15 (KHTML, like Gecko) Version/12.0 Mobile/15E148 Safari/604.1"
223.104.213.10 - - [29/Mar/2019:22:19:40 +0800] "GET /static/media/ng-scope.5a9adad6.jpg HTTP/1.1" 304 0 "http://47.111.175.180/logo" "Mozilla/5.0 (iPhone; CPU iPhone OS 12_1_4 like Mac OS X) AppleWebKit/605.1.15 (KHTML, like Gecko) Version/12.0 Mobile/15E148 Safari/604.1"
183.193.62.144 - - [29/Mar/2019:22:22:23 +0800] "GET /logo?nsukey=d9lkRofNVlnYgYrQwzYMWrU6pxYck6fhFgFpdKIsgfWGcQCiOSSe0aRpKeYgi6N2OgyYfLAvwByCyvEd2u1E7TUBm9aARpQy6mGEmtM9HYUgN3Tzz%2BgAtbpzglOz3yPkp2HaE9aI%2BVh0KKA3XCt%2F2NM34XBe1Ku1tlgkeYgNUFuVjt%2FpdzQmb%2BrfmMWEARnqr6a2eOeYKWWG4K7h7XOjzw%3D%3D HTTP/1.1" 200 2062 "-" "Mozilla/5.0 (iPhone; CPU iPhone OS 12_0 like Mac OS X) AppleWebKit/605.1.15 (KHTML, like Gecko) Mobile/16A366 MicroMessenger/7.0.3(0x17000321) NetType/WIFI Language/zh_CN"
183.193.62.144 - - [29/Mar/2019:22:22:23 +0800] "GET /static/css/main.429051dc.chunk.css HTTP/1.1" 304 0 "http://47.111.175.180/logo?nsukey=d9lkRofNVlnYgYrQwzYMWrU6pxYck6fhFgFpdKIsgfWGcQCiOSSe0aRpKeYgi6N2OgyYfLAvwByCyvEd2u1E7TUBm9aARpQy6mGEmtM9HYUgN3Tzz%2BgAtbpzglOz3yPkp2HaE9aI%2BVh0KKA3XCt%2F2NM34XBe1Ku1tlgkeYgNUFuVjt%2FpdzQmb%2BrfmMWEARnqr6a2eOeYKWWG4K7h7XOjzw%3D%3D" "Mozilla/5.0 (iPhone; CPU iPhone OS 12_0 like Mac OS X) AppleWebKit/605.1.15 (KHTML, like Gecko) Mobile/16A366 MicroMessenger/7.0.3(0x17000321) NetType/WIFI Language/zh_CN"
183.193.62.144 - - [29/Mar/2019:22:22:23 +0800] "GET /static/js/2.cd5c2e8e.chunk.js HTTP/1.1" 304 0 "http://47.111.175.180/logo?nsukey=d9lkRofNVlnYgYrQwzYMWrU6pxYck6fhFgFpdKIsgfWGcQCiOSSe0aRpKeYgi6N2OgyYfLAvwByCyvEd2u1E7TUBm9aARpQy6mGEmtM9HYUgN3Tzz%2BgAtbpzglOz3yPkp2HaE9aI%2BVh0KKA3XCt%2F2NM34XBe1Ku1tlgkeYgNUFuVjt%2FpdzQmb%2BrfmMWEARnqr6a2eOeYKWWG4K7h7XOjzw%3D%3D" "Mozilla/5.0 (iPhone; CPU iPhone OS 12_0 like Mac OS X) AppleWebKit/605.1.15 (KHTML, like Gecko) Mobile/16A366 MicroMessenger/7.0.3(0x17000321) NetType/WIFI Language/zh_CN"
183.193.62.144 - - [29/Mar/2019:22:22:23 +0800] "GET /static/js/main.d988deb9.chunk.js HTTP/1.1" 304 0 "http://47.111.175.180/logo?nsukey=d9lkRofNVlnYgYrQwzYMWrU6pxYck6fhFgFpdKIsgfWGcQCiOSSe0aRpKeYgi6N2OgyYfLAvwByCyvEd2u1E7TUBm9aARpQy6mGEmtM9HYUgN3Tzz%2BgAtbpzglOz3yPkp2HaE9aI%2BVh0KKA3XCt%2F2NM34XBe1Ku1tlgkeYgNUFuVjt%2FpdzQmb%2BrfmMWEARnqr6a2eOeYKWWG4K7h7XOjzw%3D%3D" "Mozilla/5.0 (iPhone; CPU iPhone OS 12_0 like Mac OS X) AppleWebKit/605.1.15 (KHTML, like Gecko) Mobile/16A366 MicroMessenger/7.0.3(0x17000321) NetType/WIFI Language/zh_CN"
183.193.62.144 - - [29/Mar/2019:22:22:23 +0800] "GET /static/media/ng-scope.5a9adad6.jpg HTTP/1.1" 304 0 "http://47.111.175.180/logo?nsukey=d9lkRofNVlnYgYrQwzYMWrU6pxYck6fhFgFpdKIsgfWGcQCiOSSe0aRpKeYgi6N2OgyYfLAvwByCyvEd2u1E7TUBm9aARpQy6mGEmtM9HYUgN3Tzz%2BgAtbpzglOz3yPkp2HaE9aI%2BVh0KKA3XCt%2F2NM34XBe1Ku1tlgkeYgNUFuVjt%2FpdzQmb%2BrfmMWEARnqr6a2eOeYKWWG4K7h7XOjzw%3D%3D" "Mozilla/5.0 (iPhone; CPU iPhone OS 12_0 like Mac OS X) AppleWebKit/605.1.15 (KHTML, like Gecko) Mobile/16A366 MicroMessenger/7.0.3(0x17000321) NetType/WIFI Language/zh_CN"
183.193.62.144 - - [29/Mar/2019:22:23:20 +0800] "GET /static/media/background.46c4f7e5.jpg HTTP/1.1" 304 0 "http://47.111.175.180/video" "Mozilla/5.0 (iPhone; CPU iPhone OS 12_0 like Mac OS X) AppleWebKit/605.1.15 (KHTML, like Gecko) Mobile/16A366 MicroMessenger/7.0.3(0x17000321) NetType/WIFI Language/zh_CN"
61.151.178.163 - - [29/Mar/2019:22:23:23 +0800] "GET /logo?nsukey=d9lkRofNVlnYgYrQwzYMWrU6pxYck6fhFgFpdKIsgfWGcQCiOSSe0aRpKeYgi6N2OgyYfLAvwByCyvEd2u1E7TUBm9aARpQy6mGEmtM9HYUgN3Tzz%2BgAtbpzglOz3yPkp2HaE9aI%2BVh0KKA3XCt%2F2NM34XBe1Ku1tlgkeYgNUFuVjt%2FpdzQmb%2BrfmMWEARnqr6a2eOeYKWWG4K7h7XOjzw%3D%3D HTTP/1.1" 200 2062 "-" "Mozilla/5.0 (Linux; Android 5.1.1; SM801 Build/LMY47V; wv) AppleWebKit/537.36 (KHTML, like Gecko) Version/4.0 Chrome/53.0.2785.49 Mobile MQQBrowser/6.2 TBS/043024 Safari/537.36 MicroMessenger/6.5.4.1000 NetType/4G Language/zh_CN"
183.193.62.144 - - [29/Mar/2019:22:23:23 +0800] "GET /video?nsukey=25lNKpM1EkPlEJDxa1OMkxIAPtZvHZZ6nYh9%2Bl%2BFP1YR4iFMxsA4CMxQ%2BVbLYVFEHFVPSvFUnbMWQIdUT2SGUYi1DCo8zLSygmkJEp46MVh6RkYqGALgj%2Fg6ku70Avro8cZDL3HrWVG4gVuKqHLGeHgNEKQFsRwsfpjWvSGsvzR0h1L44zHlXM2rOiJjVKBZ HTTP/1.1" 200 2062 "-" "Mozilla/5.0 (iPhone; CPU iPhone OS 12_0 like Mac OS X) AppleWebKit/605.1.15 (KHTML, like Gecko) Mobile/16A366 MicroMessenger/7.0.3(0x17000321) NetType/WIFI Language/zh_CN"
61.151.178.163 - - [29/Mar/2019:22:23:24 +0800] "GET /static/js/2.cd5c2e8e.chunk.js HTTP/1.1" 200 393216 "http://47.111.175.180/logo?nsukey=d9lkRofNVlnYgYrQwzYMWrU6pxYck6fhFgFpdKIsgfWGcQCiOSSe0aRpKeYgi6N2OgyYfLAvwByCyvEd2u1E7TUBm9aARpQy6mGEmtM9HYUgN3Tzz%2BgAtbpzglOz3yPkp2HaE9aI%2BVh0KKA3XCt%2F2NM34XBe1Ku1tlgkeYgNUFuVjt%2FpdzQmb%2BrfmMWEARnqr6a2eOeYKWWG4K7h7XOjzw%3D%3D" "Mozilla/5.0 (iPhone; CPU iPhone OS 10_2_1 like Mac OS X) AppleWebKit/602.4.6 (KHTML, like Gecko) Mobile/14D27 MicroMessenger/6.5.5 NetType/WIFI Language/en"
61.151.178.163 - - [29/Mar/2019:22:23:25 +0800] "GET /static/js/main.d988deb9.chunk.js HTTP/1.1" 200 5996 "http://47.111.175.180/logo?nsukey=d9lkRofNVlnYgYrQwzYMWrU6pxYck6fhFgFpdKIsgfWGcQCiOSSe0aRpKeYgi6N2OgyYfLAvwByCyvEd2u1E7TUBm9aARpQy6mGEmtM9HYUgN3Tzz%2BgAtbpzglOz3yPkp2HaE9aI%2BVh0KKA3XCt%2F2NM34XBe1Ku1tlgkeYgNUFuVjt%2FpdzQmb%2BrfmMWEARnqr6a2eOeYKWWG4K7h7XOjzw%3D%3D" "Mozilla/5.0 (Linux; Android 5.1.1; SM801 Build/LMY47V; wv) AppleWebKit/537.36 (KHTML, like Gecko) Version/4.0 Chrome/53.0.2785.49 Mobile MQQBrowser/6.2 TBS/043024 Safari/537.36 MicroMessenger/6.5.4.1000 NetType/4G Language/zh_CN"
183.193.62.144 - - [29/Mar/2019:22:23:37 +0800] "GET /video HTTP/1.1" 200 2062 "-" "Mozilla/5.0 (iPhone; CPU iPhone OS 12_0 like Mac OS X) AppleWebKit/605.1.15 (KHTML, like Gecko) Mobile/16A366 MicroMessenger/7.0.3(0x17000321) NetType/WIFI Language/zh_CN"
183.193.62.144 - - [29/Mar/2019:22:23:44 +0800] "GET /logo?nsukey=roSt%2BZcgujWuzMDrmeL9%2FM80ck%2Fb5EEqCuZKjSfnEDD7qxg6IJqxYn9V8nWNwrZL6tf3xq8Vs6nXaUdNKs2IAHcGFYftT7g6zHE3z2UyLBqYQv41Ju2YKdyWF1%2BbLJ%2FQrqg0OhIPIOLv%2Bhjq13lKL5br26fJn3xhKC3SRX5D1zZkhgRA0bKyypHQiVGOLmDXG9LCyQ0WW%2BFGc6tUMF7C1g%3D%3D HTTP/1.1" 200 2062 "-" "Mozilla/5.0 (iPhone; CPU iPhone OS 12_0 like Mac OS X) AppleWebKit/605.1.15 (KHTML, like Gecko) Mobile/16A366 MicroMessenger/7.0.3(0x17000321) NetType/WIFI Language/zh_CN"
101.227.139.172 - - [29/Mar/2019:22:26:39 +0800] "GET /logo HTTP/1.0" 200 2062 "-" "Mozilla/5.0 (iPhone; CPU iPhone OS 8_3 like Mac OS X) AppleWebKit/600.1.4 (KHTML; like Gecko) Mobile/12F70 MicroMessenger/6.1.5 NetType/WIFI"
221.13.63.32 - - [29/Mar/2019:22:27:10 +0800] "GET /logo?nsukey=XeJA807s%2FxWiUW1ICm8hc7K4kGuU95ZH9rVVhkV1RHARtp9zE6KnSlgmXqbUtPdghin%2B7aWUbWtaUtGCGjf1Hh7NXYGWpIbtQCYkutvFQ6v9DE9d8LV5neW1NiQxU%2BIxf0WO2km4j5iQ2WM9QSqHNiaXaXeQeIgPRCaSxoxF34a0RzfE1zb%2FdVZA4mv4PLJVAhjKPIbkGncK5yGHBa3K6w%3D%3D HTTP/1.1" 200 2062 "-" "Mozilla/5.0 (Linux; Android 8.1.0; PACM00 Build/O11019; wv) AppleWebKit/537.36 (KHTML, like Gecko) Version/4.0 Chrome/66.0.3359.126 MQQBrowser/6.2 TBS/044504 Mobile Safari/537.36 MMWEBID/228 MicroMessenger/7.0.3.1400(0x2700033B) Process/tools NetType/4G Language/zh_CN"
221.13.63.32 - - [29/Mar/2019:22:27:10 +0800] "GET /static/css/main.429051dc.chunk.css HTTP/1.1" 200 1230 "http://47.111.175.180/logo?nsukey=XeJA807s%2FxWiUW1ICm8hc7K4kGuU95ZH9rVVhkV1RHARtp9zE6KnSlgmXqbUtPdghin%2B7aWUbWtaUtGCGjf1Hh7NXYGWpIbtQCYkutvFQ6v9DE9d8LV5neW1NiQxU%2BIxf0WO2km4j5iQ2WM9QSqHNiaXaXeQeIgPRCaSxoxF34a0RzfE1zb%2FdVZA4mv4PLJVAhjKPIbkGncK5yGHBa3K6w%3D%3D" "Mozilla/5.0 (Linux; Android 8.1.0; PACM00 Build/O11019; wv) AppleWebKit/537.36 (KHTML, like Gecko) Version/4.0 Chrome/66.0.3359.126 MQQBrowser/6.2 TBS/044504 Mobile Safari/537.36 MMWEBID/228 MicroMessenger/7.0.3.1400(0x2700033B) Process/tools NetType/4G Language/zh_CN"
221.13.63.32 - - [29/Mar/2019:22:27:10 +0800] "GET /static/js/main.d988deb9.chunk.js HTTP/1.1" 200 5996 "http://47.111.175.180/logo?nsukey=XeJA807s%2FxWiUW1ICm8hc7K4kGuU95ZH9rVVhkV1RHARtp9zE6KnSlgmXqbUtPdghin%2B7aWUbWtaUtGCGjf1Hh7NXYGWpIbtQCYkutvFQ6v9DE9d8LV5neW1NiQxU%2BIxf0WO2km4j5iQ2WM9QSqHNiaXaXeQeIgPRCaSxoxF34a0RzfE1zb%2FdVZA4mv4PLJVAhjKPIbkGncK5yGHBa3K6w%3D%3D" "Mozilla/5.0 (Linux; Android 8.1.0; PACM00 Build/O11019; wv) AppleWebKit/537.36 (KHTML, like Gecko) Version/4.0 Chrome/66.0.3359.126 MQQBrowser/6.2 TBS/044504 Mobile Safari/537.36 MMWEBID/228 MicroMessenger/7.0.3.1400(0x2700033B) Process/tools NetType/4G Language/zh_CN"
27.217.7.172 - - [29/Mar/2019:22:27:14 +0800] "GET /logo?nsukey=kRr4gUlNDqSXWLW47OLkZJwD6p0ZVmz%2FurvwIK1VZ5IJvFGqZWESsCfg9Xv%2FsUrEnw8yZaeAsiiE23ozTQmUq1zmm1kEH5qxeIi2V8k2xK5cdNRCIzErfPFDMVuL5uzZK8hDjQMUhEg9DPoKbYr%2B3puH9lHUufMpNzRV6LPCDg3uLkrAuj5lfq3Uuftsid0oAhK%2FdNoFbQE55VUg%2FfJzVw%3D%3D HTTP/1.1" 200 2062 "-" "Mozilla/5.0 (Linux; Android 7.0; Redmi Note 4X Build/NRD90M; wv) AppleWebKit/537.36 (KHTML, like Gecko) Version/4.0 Chrome/66.0.3359.126 MQQBrowser/6.2 TBS/044506 Mobile Safari/537.36 MMWEBID/9558 MicroMessenger/7.0.3.1400(0x2700033B) Process/tools NetType/WIFI Language/zh_CN"
27.217.7.172 - - [29/Mar/2019:22:27:14 +0800] "GET /static/css/main.429051dc.chunk.css HTTP/1.1" 200 1230 "http://47.111.175.180/logo?nsukey=kRr4gUlNDqSXWLW47OLkZJwD6p0ZVmz%2FurvwIK1VZ5IJvFGqZWESsCfg9Xv%2FsUrEnw8yZaeAsiiE23ozTQmUq1zmm1kEH5qxeIi2V8k2xK5cdNRCIzErfPFDMVuL5uzZK8hDjQMUhEg9DPoKbYr%2B3puH9lHUufMpNzRV6LPCDg3uLkrAuj5lfq3Uuftsid0oAhK%2FdNoFbQE55VUg%2FfJzVw%3D%3D" "Mozilla/5.0 (Linux; Android 7.0; Redmi Note 4X Build/NRD90M; wv) AppleWebKit/537.36 (KHTML, like Gecko) Version/4.0 Chrome/66.0.3359.126 MQQBrowser/6.2 TBS/044506 Mobile Safari/537.36 MMWEBID/9558 MicroMessenger/7.0.3.1400(0x2700033B) Process/tools NetType/WIFI Language/zh_CN"
27.217.7.172 - - [29/Mar/2019:22:27:14 +0800] "GET /static/js/main.d988deb9.chunk.js HTTP/1.1" 200 5996 "http://47.111.175.180/logo?nsukey=kRr4gUlNDqSXWLW47OLkZJwD6p0ZVmz%2FurvwIK1VZ5IJvFGqZWESsCfg9Xv%2FsUrEnw8yZaeAsiiE23ozTQmUq1zmm1kEH5qxeIi2V8k2xK5cdNRCIzErfPFDMVuL5uzZK8hDjQMUhEg9DPoKbYr%2B3puH9lHUufMpNzRV6LPCDg3uLkrAuj5lfq3Uuftsid0oAhK%2FdNoFbQE55VUg%2FfJzVw%3D%3D" "Mozilla/5.0 (Linux; Android 7.0; Redmi Note 4X Build/NRD90M; wv) AppleWebKit/537.36 (KHTML, like Gecko) Version/4.0 Chrome/66.0.3359.126 MQQBrowser/6.2 TBS/044506 Mobile Safari/537.36 MMWEBID/9558 MicroMessenger/7.0.3.1400(0x2700033B) Process/tools NetType/WIFI Language/zh_CN"
221.13.63.32 - - [29/Mar/2019:22:27:20 +0800] "GET /static/js/2.cd5c2e8e.chunk.js HTTP/1.1" 200 949472 "http://47.111.175.180/logo?nsukey=XeJA807s%2FxWiUW1ICm8hc7K4kGuU95ZH9rVVhkV1RHARtp9zE6KnSlgmXqbUtPdghin%2B7aWUbWtaUtGCGjf1Hh7NXYGWpIbtQCYkutvFQ6v9DE9d8LV5neW1NiQxU%2BIxf0WO2km4j5iQ2WM9QSqHNiaXaXeQeIgPRCaSxoxF34a0RzfE1zb%2FdVZA4mv4PLJVAhjKPIbkGncK5yGHBa3K6w%3D%3D" "Mozilla/5.0 (Linux; Android 8.1.0; PACM00 Build/O11019; wv) AppleWebKit/537.36 (KHTML, like Gecko) Version/4.0 Chrome/66.0.3359.126 MQQBrowser/6.2 TBS/044504 Mobile Safari/537.36 MMWEBID/228 MicroMessenger/7.0.3.1400(0x2700033B) Process/tools NetType/4G Language/zh_CN"
221.13.63.32 - - [29/Mar/2019:22:27:23 +0800] "GET /static/media/ng-scope.5a9adad6.jpg HTTP/1.1" 200 40648 "http://47.111.175.180/logo?nsukey=XeJA807s%2FxWiUW1ICm8hc7K4kGuU95ZH9rVVhkV1RHARtp9zE6KnSlgmXqbUtPdghin%2B7aWUbWtaUtGCGjf1Hh7NXYGWpIbtQCYkutvFQ6v9DE9d8LV5neW1NiQxU%2BIxf0WO2km4j5iQ2WM9QSqHNiaXaXeQeIgPRCaSxoxF34a0RzfE1zb%2FdVZA4mv4PLJVAhjKPIbkGncK5yGHBa3K6w%3D%3D" "Mozilla/5.0 (Linux; Android 8.1.0; PACM00 Build/O11019; wv) AppleWebKit/537.36 (KHTML, like Gecko) Version/4.0 Chrome/66.0.3359.126 MQQBrowser/6.2 TBS/044504 Mobile Safari/537.36 MMWEBID/228 MicroMessenger/7.0.3.1400(0x2700033B) Process/tools NetType/4G Language/zh_CN"
27.217.7.172 - - [29/Mar/2019:22:27:23 +0800] "GET /static/js/2.cd5c2e8e.chunk.js HTTP/1.1" 200 949472 "http://47.111.175.180/logo?nsukey=kRr4gUlNDqSXWLW47OLkZJwD6p0ZVmz%2FurvwIK1VZ5IJvFGqZWESsCfg9Xv%2FsUrEnw8yZaeAsiiE23ozTQmUq1zmm1kEH5qxeIi2V8k2xK5cdNRCIzErfPFDMVuL5uzZK8hDjQMUhEg9DPoKbYr%2B3puH9lHUufMpNzRV6LPCDg3uLkrAuj5lfq3Uuftsid0oAhK%2FdNoFbQE55VUg%2FfJzVw%3D%3D" "Mozilla/5.0 (Linux; Android 7.0; Redmi Note 4X Build/NRD90M; wv) AppleWebKit/537.36 (KHTML, like Gecko) Version/4.0 Chrome/66.0.3359.126 MQQBrowser/6.2 TBS/044506 Mobile Safari/537.36 MMWEBID/9558 MicroMessenger/7.0.3.1400(0x2700033B) Process/tools NetType/WIFI Language/zh_CN"
221.13.63.32 - - [29/Mar/2019:22:27:25 +0800] "GET /favicon.ico HTTP/1.1" 200 3870 "http://47.111.175.180/logo?nsukey=XeJA807s%2FxWiUW1ICm8hc7K4kGuU95ZH9rVVhkV1RHARtp9zE6KnSlgmXqbUtPdghin%2B7aWUbWtaUtGCGjf1Hh7NXYGWpIbtQCYkutvFQ6v9DE9d8LV5neW1NiQxU%2BIxf0WO2km4j5iQ2WM9QSqHNiaXaXeQeIgPRCaSxoxF34a0RzfE1zb%2FdVZA4mv4PLJVAhjKPIbkGncK5yGHBa3K6w%3D%3D" "Mozilla/5.0 (Linux; Android 8.1.0; PACM00 Build/O11019; wv) AppleWebKit/537.36 (KHTML, like Gecko) Version/4.0 Chrome/66.0.3359.126 MQQBrowser/6.2 TBS/044504 Mobile Safari/537.36 MMWEBID/228 MicroMessenger/7.0.3.1400(0x2700033B) Process/tools NetType/4G Language/zh_CN"
221.13.63.32 - - [29/Mar/2019:22:27:43 +0800] "GET /logo?nsukey=w6E%2BZa%2B5ZbWlSzCBzIFuvZptEDrn0MbHxV3%2BM6TDvMMX%2BLoT8mHGKZzP0ZNY9qeTBhuvLW8lFXqW1Cw68ug5PlOOJ9xSrYcH8SBfWl7Iwk%2F7Op5S6F0RApfCKnw5Htp10IXDpnLlWpwUJKvrIFXKY1R4t0I4y2jZjQll%2FALSIZ6Jc4AD3VPzHtvl3xf%2F3hE0FO4px%2F4q8wg77OIfeRv42w%3D%3D HTTP/1.1" 200 2062 "-" "Mozilla/5.0 (Linux; Android 8.1.0; PACM00 Build/O11019; wv) AppleWebKit/537.36 (KHTML, like Gecko) Version/4.0 Chrome/66.0.3359.126 MQQBrowser/6.2 TBS/044504 Mobile Safari/537.36 MMWEBID/228 MicroMessenger/7.0.3.1400(0x2700033B) Process/tools NetType/4G Language/zh_CN"
101.91.60.11 - - [29/Mar/2019:22:28:10 +0800] "GET /logo?nsukey=XeJA807s%2FxWiUW1ICm8hc7K4kGuU95ZH9rVVhkV1RHARtp9zE6KnSlgmXqbUtPdghin%2B7aWUbWtaUtGCGjf1Hh7NXYGWpIbtQCYkutvFQ6v9DE9d8LV5neW1NiQxU%2BIxf0WO2km4j5iQ2WM9QSqHNiaXaXeQeIgPRCaSxoxF34a0RzfE1zb%2FdVZA4mv4PLJVAhjKPIbkGncK5yGHBa3K6w%3D%3D HTTP/1.1" 200 2062 "-" "Mozilla/5.0 (iPhone; CPU iPhone OS 10_2_1 like Mac OS X) AppleWebKit/602.4.6 (KHTML, like Gecko) Mobile/14D27 MicroMessenger/6.5.5 NetType/WIFI Language/zh_CN"
101.91.60.11 - - [29/Mar/2019:22:28:11 +0800] "GET /static/js/2.cd5c2e8e.chunk.js HTTP/1.1" 200 262144 "http://47.111.175.180/logo?nsukey=XeJA807s%2FxWiUW1ICm8hc7K4kGuU95ZH9rVVhkV1RHARtp9zE6KnSlgmXqbUtPdghin%2B7aWUbWtaUtGCGjf1Hh7NXYGWpIbtQCYkutvFQ6v9DE9d8LV5neW1NiQxU%2BIxf0WO2km4j5iQ2WM9QSqHNiaXaXeQeIgPRCaSxoxF34a0RzfE1zb%2FdVZA4mv4PLJVAhjKPIbkGncK5yGHBa3K6w%3D%3D" "Mozilla/5.0 (Linux; Android 4.4.4; Coolpad Y82-520 Build/KTU84P) AppleWebKit/537.36 (KHTML, like Gecko) Version/4.0 Chrome/33.0.0.0 Mobile Safari/537.36 MicroMessenger/6.5.4.1000 NetType/4G Language/zh_CN"
101.91.60.11 - - [29/Mar/2019:22:28:11 +0800] "GET /static/js/main.d988deb9.chunk.js HTTP/1.1" 200 5996 "http://47.111.175.180/logo?nsukey=XeJA807s%2FxWiUW1ICm8hc7K4kGuU95ZH9rVVhkV1RHARtp9zE6KnSlgmXqbUtPdghin%2B7aWUbWtaUtGCGjf1Hh7NXYGWpIbtQCYkutvFQ6v9DE9d8LV5neW1NiQxU%2BIxf0WO2km4j5iQ2WM9QSqHNiaXaXeQeIgPRCaSxoxF34a0RzfE1zb%2FdVZA4mv4PLJVAhjKPIbkGncK5yGHBa3K6w%3D%3D" "Mozilla/5.0 (iPhone; CPU iPhone OS 10_2_1 like Mac OS X) AppleWebKit/602.4.6 (KHTML, like Gecko) Mobile/14D27 MicroMessenger/6.5.5 NetType/WIFI Language/zh_CN"
27.217.7.172 - - [29/Mar/2019:22:28:30 +0800] "GET /logo?nsukey=yQiVwA4yAWuBB9LacCrkp%2FEIFViUExTfz9skfB6ZO6DIP6uSF4eAtN57f4Ssq532JMNK00ZWO%2FLrnb1d2FaMF50O4Mier70%2F8ZSOts2zGwQ73MpqELV0vB%2BD9i5i%2BC3k0AwST%2FFjk9pwRjkjRbbo8P%2F3QhJZZIkTy2yDVdperVp6KJGEHW6MeSEoUvLTYaXjyOYHtv1tby68YOKOXT2THw%3D%3D HTTP/1.1" 200 2062 "-" "Mozilla/5.0 (Linux; Android 7.0; Redmi Note 4X Build/NRD90M; wv) AppleWebKit/537.36 (KHTML, like Gecko) Version/4.0 Chrome/66.0.3359.126 MQQBrowser/6.2 TBS/044506 Mobile Safari/537.36 MMWEBID/9558 MicroMessenger/7.0.3.1400(0x2700033B) Process/tools NetType/WIFI Language/zh_CN"
27.217.7.172 - - [29/Mar/2019:22:28:30 +0800] "GET /static/js/2.cd5c2e8e.chunk.js HTTP/1.1" 206 1 "http://47.111.175.180/logo?nsukey=yQiVwA4yAWuBB9LacCrkp%2FEIFViUExTfz9skfB6ZO6DIP6uSF4eAtN57f4Ssq532JMNK00ZWO%2FLrnb1d2FaMF50O4Mier70%2F8ZSOts2zGwQ73MpqELV0vB%2BD9i5i%2BC3k0AwST%2FFjk9pwRjkjRbbo8P%2F3QhJZZIkTy2yDVdperVp6KJGEHW6MeSEoUvLTYaXjyOYHtv1tby68YOKOXT2THw%3D%3D" "Mozilla/5.0 (Linux; Android 7.0; Redmi Note 4X Build/NRD90M; wv) AppleWebKit/537.36 (KHTML, like Gecko) Version/4.0 Chrome/66.0.3359.126 MQQBrowser/6.2 TBS/044506 Mobile Safari/537.36 MMWEBID/9558 MicroMessenger/7.0.3.1400(0x2700033B) Process/tools NetType/WIFI Language/zh_CN"
27.217.7.172 - - [29/Mar/2019:22:28:30 +0800] "GET /static/js/2.cd5c2e8e.chunk.js HTTP/1.1" 206 40596 "http://47.111.175.180/logo?nsukey=yQiVwA4yAWuBB9LacCrkp%2FEIFViUExTfz9skfB6ZO6DIP6uSF4eAtN57f4Ssq532JMNK00ZWO%2FLrnb1d2FaMF50O4Mier70%2F8ZSOts2zGwQ73MpqELV0vB%2BD9i5i%2BC3k0AwST%2FFjk9pwRjkjRbbo8P%2F3QhJZZIkTy2yDVdperVp6KJGEHW6MeSEoUvLTYaXjyOYHtv1tby68YOKOXT2THw%3D%3D" "Mozilla/5.0 (Linux; Android 7.0; Redmi Note 4X Build/NRD90M; wv) AppleWebKit/537.36 (KHTML, like Gecko) Version/4.0 Chrome/66.0.3359.126 MQQBrowser/6.2 TBS/044506 Mobile Safari/537.36 MMWEBID/9558 MicroMessenger/7.0.3.1400(0x2700033B) Process/tools NetType/WIFI Language/zh_CN"
27.217.7.172 - - [29/Mar/2019:22:28:30 +0800] "GET /static/media/ng-scope.5a9adad6.jpg HTTP/1.1" 200 40648 "http://47.111.175.180/logo?nsukey=yQiVwA4yAWuBB9LacCrkp%2FEIFViUExTfz9skfB6ZO6DIP6uSF4eAtN57f4Ssq532JMNK00ZWO%2FLrnb1d2FaMF50O4Mier70%2F8ZSOts2zGwQ73MpqELV0vB%2BD9i5i%2BC3k0AwST%2FFjk9pwRjkjRbbo8P%2F3QhJZZIkTy2yDVdperVp6KJGEHW6MeSEoUvLTYaXjyOYHtv1tby68YOKOXT2THw%3D%3D" "Mozilla/5.0 (Linux; Android 7.0; Redmi Note 4X Build/NRD90M; wv) AppleWebKit/537.36 (KHTML, like Gecko) Version/4.0 Chrome/66.0.3359.126 MQQBrowser/6.2 TBS/044506 Mobile Safari/537.36 MMWEBID/9558 MicroMessenger/7.0.3.1400(0x2700033B) Process/tools NetType/WIFI Language/zh_CN"
27.217.7.172 - - [29/Mar/2019:22:28:30 +0800] "GET /favicon.ico HTTP/1.1" 200 3870 "http://47.111.175.180/logo?nsukey=yQiVwA4yAWuBB9LacCrkp%2FEIFViUExTfz9skfB6ZO6DIP6uSF4eAtN57f4Ssq532JMNK00ZWO%2FLrnb1d2FaMF50O4Mier70%2F8ZSOts2zGwQ73MpqELV0vB%2BD9i5i%2BC3k0AwST%2FFjk9pwRjkjRbbo8P%2F3QhJZZIkTy2yDVdperVp6KJGEHW6MeSEoUvLTYaXjyOYHtv1tby68YOKOXT2THw%3D%3D" "Mozilla/5.0 (Linux; Android 7.0; Redmi Note 4X Build/NRD90M; wv) AppleWebKit/537.36 (KHTML, like Gecko) Version/4.0 Chrome/66.0.3359.126 MQQBrowser/6.2 TBS/044506 Mobile Safari/537.36 MMWEBID/9558 MicroMessenger/7.0.3.1400(0x2700033B) Process/tools NetType/WIFI Language/zh_CN"
61.129.6.251 - - [29/Mar/2019:22:28:43 +0800] "GET /logo?nsukey=w6E%2BZa%2B5ZbWlSzCBzIFuvZptEDrn0MbHxV3%2BM6TDvMMX%2BLoT8mHGKZzP0ZNY9qeTBhuvLW8lFXqW1Cw68ug5PlOOJ9xSrYcH8SBfWl7Iwk%2F7Op5S6F0RApfCKnw5Htp10IXDpnLlWpwUJKvrIFXKY1R4t0I4y2jZjQll%2FALSIZ6Jc4AD3VPzHtvl3xf%2F3hE0FO4px%2F4q8wg77OIfeRv42w%3D%3D HTTP/1.1" 200 2062 "-" "Mozilla/5.0 (Linux; Android 4.4.4; HUAWEI ALE-CL00 Build/HuaweiALE-CL00; wv) AppleWebKit/537.36 (KHTML, like Gecko) Version/4.0 Chrome/53.0.2785.49 Mobile MQQBrowser/6.2 TBS/043024 Safari/537.36 MicroMessenger/6.5.4.1000 NetType/4G Language/zh_CN"
61.129.6.251 - - [29/Mar/2019:22:28:44 +0800] "GET /static/js/2.cd5c2e8e.chunk.js HTTP/1.1" 200 327680 "http://47.111.175.180/logo?nsukey=w6E%2BZa%2B5ZbWlSzCBzIFuvZptEDrn0MbHxV3%2BM6TDvMMX%2BLoT8mHGKZzP0ZNY9qeTBhuvLW8lFXqW1Cw68ug5PlOOJ9xSrYcH8SBfWl7Iwk%2F7Op5S6F0RApfCKnw5Htp10IXDpnLlWpwUJKvrIFXKY1R4t0I4y2jZjQll%2FALSIZ6Jc4AD3VPzHtvl3xf%2F3hE0FO4px%2F4q8wg77OIfeRv42w%3D%3D" "Mozilla/5.0 (iPhone; CPU iPhone OS 10_2_1 like Mac OS X) AppleWebKit/602.4.6 (KHTML, like Gecko) Mobile/14D27 MicroMessenger/6.5.5 NetType/WIFI Language/zh_CN"
61.129.6.251 - - [29/Mar/2019:22:28:44 +0800] "GET /static/js/main.d988deb9.chunk.js HTTP/1.1" 200 5996 "http://47.111.175.180/logo?nsukey=w6E%2BZa%2B5ZbWlSzCBzIFuvZptEDrn0MbHxV3%2BM6TDvMMX%2BLoT8mHGKZzP0ZNY9qeTBhuvLW8lFXqW1Cw68ug5PlOOJ9xSrYcH8SBfWl7Iwk%2F7Op5S6F0RApfCKnw5Htp10IXDpnLlWpwUJKvrIFXKY1R4t0I4y2jZjQll%2FALSIZ6Jc4AD3VPzHtvl3xf%2F3hE0FO4px%2F4q8wg77OIfeRv42w%3D%3D" "Mozilla/5.0 (Linux; Android 6.0.1; OPPO R9s Build/MMB29M) AppleWebKit/537.36 (KHTML, like Gecko) Version/4.0 Chrome/37.0.0.0 Mobile MQQBrowser/6.9 TBS/036906 Safari/537.36 MicroMessenger/6.5.4.1000 NetType/4G Language/zh_CN"
183.193.62.144 - - [29/Mar/2019:22:29:11 +0800] "GET /logo?nsukey=3YYj2MDaMFwNxb3LpdSy20WxkvEUC7xHFU9itajh%2BbCsbU%2F1%2FEoqV%2BG%2BAOrOZi30ZZjjUH47oBknCpI3EuO093r7D0Ai9ExF2sSFNrK8Ia1kVgafVVQ4hveIBcNVjOFLmAsrPOqyB%2Fx%2FBYGPuMl93EwwlVngAu8xgdr6MKkIpxytkC2HgtRZA6iNmzWnliWFbfuGNJVHMUl5AlibcBY99w%3D%3D HTTP/1.1" 200 2062 "-" "Mozilla/5.0 (iPhone; CPU iPhone OS 12_0 like Mac OS X) AppleWebKit/605.1.15 (KHTML, like Gecko) Mobile/16A366 MicroMessenger/7.0.3(0x17000321) NetType/WIFI Language/zh_CN"
221.13.63.32 - - [29/Mar/2019:22:29:18 +0800] "GET /logo?nsukey=9L12SOnkoe02B6VtVGbrDNa%2FLkScXdulHyv2kbcTdSXphQOfLG3Hpek8Pkna24LCQKpuzIZuna9kNEpA2aZ56rHTnyR5PxwxHnCmjhbRTYY0jS26%2F5iyb7En2HKqsgsXSfEvExbrBJ2aVm7NgmdyOhlRm1XItB1lGoXd8NyLJxc43KtI8xL6ddx0A1LgFz%2BHZ6tuOCrmUd%2BN8OOKAyrMdA%3D%3D HTTP/1.1" 200 2062 "-" "Mozilla/5.0 (Linux; Android 8.1.0; PACM00 Build/O11019; wv) AppleWebKit/537.36 (KHTML, like Gecko) Version/4.0 Chrome/66.0.3359.126 MQQBrowser/6.2 TBS/044504 Mobile Safari/537.36 MMWEBID/228 MicroMessenger/7.0.3.1400(0x2700033B) Process/tools NetType/4G Language/zh_CN"
61.151.178.175 - - [29/Mar/2019:22:29:20 +0800] "GET /logo HTTP/1.1" 200 2062 "-" "Mozilla/5.0 (Linux; Android 4.4.4; Coolpad Y82-520 Build/KTU84P) AppleWebKit/537.36 (KHTML, like Gecko) Version/4.0 Chrome/33.0.0.0 Mobile Safari/537.36 MicroMessenger/6.5.4.1000 NetType/4G Language/zh_CN"
61.151.178.175 - - [29/Mar/2019:22:29:21 +0800] "GET /static/js/2.cd5c2e8e.chunk.js HTTP/1.1" 200 327680 "http://47.111.175.180/logo" "Mozilla/5.0 (iPhone; CPU iPhone OS 10_2_1 like Mac OS X) AppleWebKit/602.4.6 (KHTML, like Gecko) Mobile/14D27 MicroMessenger/6.5.5 NetType/WIFI Language/en"
61.151.178.175 - - [29/Mar/2019:22:29:21 +0800] "GET /static/js/main.d988deb9.chunk.js HTTP/1.1" 200 5996 "http://47.111.175.180/logo" "Mozilla/5.0 (iPhone; CPU iPhone OS 10_2_1 like Mac OS X) AppleWebKit/602.4.6 (KHTML, like Gecko) Mobile/14D27 MicroMessenger/6.5.5 NetType/WIFI Language/en"
101.91.62.65 - - [29/Mar/2019:22:29:30 +0800] "GET /logo?nsukey=yQiVwA4yAWuBB9LacCrkp%2FEIFViUExTfz9skfB6ZO6DIP6uSF4eAtN57f4Ssq532JMNK00ZWO%2FLrnb1d2FaMF50O4Mier70%2F8ZSOts2zGwQ73MpqELV0vB%2BD9i5i%2BC3k0AwST%2FFjk9pwRjkjRbbo8P%2F3QhJZZIkTy2yDVdperVp6KJGEHW6MeSEoUvLTYaXjyOYHtv1tby68YOKOXT2THw%3D%3D HTTP/1.1" 200 2062 "-" "Mozilla/5.0 (iPhone; CPU iPhone OS 10_2_1 like Mac OS X) AppleWebKit/602.4.6 (KHTML, like Gecko) Mobile/14D27 MicroMessenger/6.5.5 NetType/WIFI Language/zh_CN"
101.91.62.65 - - [29/Mar/2019:22:29:31 +0800] "GET /static/js/2.cd5c2e8e.chunk.js HTTP/1.1" 200 327680 "http://47.111.175.180/logo?nsukey=yQiVwA4yAWuBB9LacCrkp%2FEIFViUExTfz9skfB6ZO6DIP6uSF4eAtN57f4Ssq532JMNK00ZWO%2FLrnb1d2FaMF50O4Mier70%2F8ZSOts2zGwQ73MpqELV0vB%2BD9i5i%2BC3k0AwST%2FFjk9pwRjkjRbbo8P%2F3QhJZZIkTy2yDVdperVp6KJGEHW6MeSEoUvLTYaXjyOYHtv1tby68YOKOXT2THw%3D%3D" "Mozilla/5.0 (Linux; Android 5.1.1; SM801 Build/LMY47V; wv) AppleWebKit/537.36 (KHTML, like Gecko) Version/4.0 Chrome/53.0.2785.49 Mobile MQQBrowser/6.2 TBS/043024 Safari/537.36 MicroMessenger/6.5.4.1000 NetType/4G Language/zh_CN"
101.91.62.65 - - [29/Mar/2019:22:29:31 +0800] "GET /static/js/main.d988deb9.chunk.js HTTP/1.1" 200 5996 "http://47.111.175.180/logo?nsukey=yQiVwA4yAWuBB9LacCrkp%2FEIFViUExTfz9skfB6ZO6DIP6uSF4eAtN57f4Ssq532JMNK00ZWO%2FLrnb1d2FaMF50O4Mier70%2F8ZSOts2zGwQ73MpqELV0vB%2BD9i5i%2BC3k0AwST%2FFjk9pwRjkjRbbo8P%2F3QhJZZIkTy2yDVdperVp6KJGEHW6MeSEoUvLTYaXjyOYHtv1tby68YOKOXT2THw%3D%3D" "Mozilla/5.0 (Linux; Android 4.4.4; Coolpad Y82-520 Build/KTU84P) AppleWebKit/537.36 (KHTML, like Gecko) Version/4.0 Chrome/33.0.0.0 Mobile Safari/537.36 MicroMessenger/6.5.4.1000 NetType/4G Language/zh_CN"
101.91.60.109 - - [29/Mar/2019:22:30:11 +0800] "GET /logo?nsukey=3YYj2MDaMFwNxb3LpdSy20WxkvEUC7xHFU9itajh%2BbCsbU%2F1%2FEoqV%2BG%2BAOrOZi30ZZjjUH47oBknCpI3EuO093r7D0Ai9ExF2sSFNrK8Ia1kVgafVVQ4hveIBcNVjOFLmAsrPOqyB%2Fx%2FBYGPuMl93EwwlVngAu8xgdr6MKkIpxytkC2HgtRZA6iNmzWnliWFbfuGNJVHMUl5AlibcBY99w%3D%3D HTTP/1.1" 200 2062 "-" "Mozilla/5.0 (iPhone; CPU iPhone OS 10_2_1 like Mac OS X) AppleWebKit/602.4.6 (KHTML, like Gecko) Mobile/14D27 MicroMessenger/6.5.5 NetType/WIFI Language/en"
101.91.60.109 - - [29/Mar/2019:22:30:12 +0800] "GET /static/js/2.cd5c2e8e.chunk.js HTTP/1.1" 200 262144 "http://47.111.175.180/logo?nsukey=3YYj2MDaMFwNxb3LpdSy20WxkvEUC7xHFU9itajh%2BbCsbU%2F1%2FEoqV%2BG%2BAOrOZi30ZZjjUH47oBknCpI3EuO093r7D0Ai9ExF2sSFNrK8Ia1kVgafVVQ4hveIBcNVjOFLmAsrPOqyB%2Fx%2FBYGPuMl93EwwlVngAu8xgdr6MKkIpxytkC2HgtRZA6iNmzWnliWFbfuGNJVHMUl5AlibcBY99w%3D%3D" "Mozilla/5.0 (Linux; Android 5.1.1; SM801 Build/LMY47V; wv) AppleWebKit/537.36 (KHTML, like Gecko) Version/4.0 Chrome/53.0.2785.49 Mobile MQQBrowser/6.2 TBS/043024 Safari/537.36 MicroMessenger/6.5.4.1000 NetType/4G Language/zh_CN"
101.91.60.109 - - [29/Mar/2019:22:30:12 +0800] "GET /static/js/main.d988deb9.chunk.js HTTP/1.1" 200 5996 "http://47.111.175.180/logo?nsukey=3YYj2MDaMFwNxb3LpdSy20WxkvEUC7xHFU9itajh%2BbCsbU%2F1%2FEoqV%2BG%2BAOrOZi30ZZjjUH47oBknCpI3EuO093r7D0Ai9ExF2sSFNrK8Ia1kVgafVVQ4hveIBcNVjOFLmAsrPOqyB%2Fx%2FBYGPuMl93EwwlVngAu8xgdr6MKkIpxytkC2HgtRZA6iNmzWnliWFbfuGNJVHMUl5AlibcBY99w%3D%3D" "Mozilla/5.0 (Linux; Android 4.4.4; Coolpad Y82-520 Build/KTU84P) AppleWebKit/537.36 (KHTML, like Gecko) Version/4.0 Chrome/33.0.0.0 Mobile Safari/537.36 MicroMessenger/6.5.4.1000 NetType/4G Language/zh_CN"
101.89.29.92 - - [29/Mar/2019:22:30:18 +0800] "GET /logo?nsukey=9L12SOnkoe02B6VtVGbrDNa%2FLkScXdulHyv2kbcTdSXphQOfLG3Hpek8Pkna24LCQKpuzIZuna9kNEpA2aZ56rHTnyR5PxwxHnCmjhbRTYY0jS26%2F5iyb7En2HKqsgsXSfEvExbrBJ2aVm7NgmdyOhlRm1XItB1lGoXd8NyLJxc43KtI8xL6ddx0A1LgFz%2BHZ6tuOCrmUd%2BN8OOKAyrMdA%3D%3D HTTP/1.1" 200 2062 "-" "Mozilla/5.0 (Linux; Android 4.4.4; HUAWEI ALE-CL00 Build/HuaweiALE-CL00; wv) AppleWebKit/537.36 (KHTML, like Gecko) Version/4.0 Chrome/53.0.2785.49 Mobile MQQBrowser/6.2 TBS/043024 Safari/537.36 MicroMessenger/6.5.4.1000 NetType/4G Language/zh_CN"
101.89.29.92 - - [29/Mar/2019:22:30:19 +0800] "GET /static/js/2.cd5c2e8e.chunk.js HTTP/1.1" 200 262144 "http://47.111.175.180/logo?nsukey=9L12SOnkoe02B6VtVGbrDNa%2FLkScXdulHyv2kbcTdSXphQOfLG3Hpek8Pkna24LCQKpuzIZuna9kNEpA2aZ56rHTnyR5PxwxHnCmjhbRTYY0jS26%2F5iyb7En2HKqsgsXSfEvExbrBJ2aVm7NgmdyOhlRm1XItB1lGoXd8NyLJxc43KtI8xL6ddx0A1LgFz%2BHZ6tuOCrmUd%2BN8OOKAyrMdA%3D%3D" "Mozilla/5.0 (Linux; Android 4.4.4; HUAWEI ALE-CL00 Build/HuaweiALE-CL00; wv) AppleWebKit/537.36 (KHTML, like Gecko) Version/4.0 Chrome/53.0.2785.49 Mobile MQQBrowser/6.2 TBS/043024 Safari/537.36 MicroMessenger/6.5.4.1000 NetType/4G Language/zh_CN"
101.89.29.92 - - [29/Mar/2019:22:30:20 +0800] "GET /static/js/main.d988deb9.chunk.js HTTP/1.1" 200 5996 "http://47.111.175.180/logo?nsukey=9L12SOnkoe02B6VtVGbrDNa%2FLkScXdulHyv2kbcTdSXphQOfLG3Hpek8Pkna24LCQKpuzIZuna9kNEpA2aZ56rHTnyR5PxwxHnCmjhbRTYY0jS26%2F5iyb7En2HKqsgsXSfEvExbrBJ2aVm7NgmdyOhlRm1XItB1lGoXd8NyLJxc43KtI8xL6ddx0A1LgFz%2BHZ6tuOCrmUd%2BN8OOKAyrMdA%3D%3D" "Mozilla/5.0 (Linux; Android 5.1.1; SM801 Build/LMY47V; wv) AppleWebKit/537.36 (KHTML, like Gecko) Version/4.0 Chrome/53.0.2785.49 Mobile MQQBrowser/6.2 TBS/043024 Safari/537.36 MicroMessenger/6.5.4.1000 NetType/4G Language/zh_CN"
45.234.223.39 - - [29/Mar/2019:22:54:11 +0800] "GET / HTTP/1.1" 200 2062 "-" "Mozilla/5.0 (Windows NT 10.0; WOW64) AppleWebKit/537.36 (KHTML, like Gecko) Chrome/52.0.2743.116 Safari/537.36"
113.124.244.131 - - [29/Mar/2019:23:02:47 +0800] "GET /logo?nsukey=CjGVNUAOvp3TLNrc4b7u73qMPA%2Bx%2Bk5yccWtn7Gkrq6PmCt%2FcVvxeEKWT2zrJY%2BPrRQeh6CrDJYA0uZG4Hr%2BskC2tUm7yPXPSjDzk91GMmlhNvAwau%2BIDkCYtgQKCCmfA8Xse%2B0XyLrdQ6LpHmhDsnI%2F0obuMw5tMW3%2Bf0RoZA1yPBztf6k6c8IFlj5d%2BWKXMQVYn5kocP8sRXQdJU%2B4tQ%3D%3D HTTP/1.1" 200 2062 "-" "Mozilla/5.0 (iPhone; CPU iPhone OS 10_3_1 like Mac OS X) AppleWebKit/603.1.30 (KHTML, like Gecko) Mobile/14E304 MicroMessenger/7.0.3(0x17000321) NetType/WIFI Language/zh_CN"
113.124.244.131 - - [29/Mar/2019:23:02:47 +0800] "GET /static/css/main.429051dc.chunk.css HTTP/1.1" 200 1230 "http://47.111.175.180/logo?nsukey=CjGVNUAOvp3TLNrc4b7u73qMPA%2Bx%2Bk5yccWtn7Gkrq6PmCt%2FcVvxeEKWT2zrJY%2BPrRQeh6CrDJYA0uZG4Hr%2BskC2tUm7yPXPSjDzk91GMmlhNvAwau%2BIDkCYtgQKCCmfA8Xse%2B0XyLrdQ6LpHmhDsnI%2F0obuMw5tMW3%2Bf0RoZA1yPBztf6k6c8IFlj5d%2BWKXMQVYn5kocP8sRXQdJU%2B4tQ%3D%3D" "Mozilla/5.0 (iPhone; CPU iPhone OS 10_3_1 like Mac OS X) AppleWebKit/603.1.30 (KHTML, like Gecko) Mobile/14E304 MicroMessenger/7.0.3(0x17000321) NetType/WIFI Language/zh_CN"
113.124.244.131 - - [29/Mar/2019:23:02:47 +0800] "GET /static/js/main.d988deb9.chunk.js HTTP/1.1" 200 5996 "http://47.111.175.180/logo?nsukey=CjGVNUAOvp3TLNrc4b7u73qMPA%2Bx%2Bk5yccWtn7Gkrq6PmCt%2FcVvxeEKWT2zrJY%2BPrRQeh6CrDJYA0uZG4Hr%2BskC2tUm7yPXPSjDzk91GMmlhNvAwau%2BIDkCYtgQKCCmfA8Xse%2B0XyLrdQ6LpHmhDsnI%2F0obuMw5tMW3%2Bf0RoZA1yPBztf6k6c8IFlj5d%2BWKXMQVYn5kocP8sRXQdJU%2B4tQ%3D%3D" "Mozilla/5.0 (iPhone; CPU iPhone OS 10_3_1 like Mac OS X) AppleWebKit/603.1.30 (KHTML, like Gecko) Mobile/14E304 MicroMessenger/7.0.3(0x17000321) NetType/WIFI Language/zh_CN"
113.124.244.131 - - [29/Mar/2019:23:02:53 +0800] "GET /static/js/2.cd5c2e8e.chunk.js HTTP/1.1" 200 949472 "http://47.111.175.180/logo?nsukey=CjGVNUAOvp3TLNrc4b7u73qMPA%2Bx%2Bk5yccWtn7Gkrq6PmCt%2FcVvxeEKWT2zrJY%2BPrRQeh6CrDJYA0uZG4Hr%2BskC2tUm7yPXPSjDzk91GMmlhNvAwau%2BIDkCYtgQKCCmfA8Xse%2B0XyLrdQ6LpHmhDsnI%2F0obuMw5tMW3%2Bf0RoZA1yPBztf6k6c8IFlj5d%2BWKXMQVYn5kocP8sRXQdJU%2B4tQ%3D%3D" "Mozilla/5.0 (iPhone; CPU iPhone OS 10_3_1 like Mac OS X) AppleWebKit/603.1.30 (KHTML, like Gecko) Mobile/14E304 MicroMessenger/7.0.3(0x17000321) NetType/WIFI Language/zh_CN"
113.124.244.131 - - [29/Mar/2019:23:02:54 +0800] "GET /static/media/ng-scope.5a9adad6.jpg HTTP/1.1" 200 40648 "http://47.111.175.180/logo?nsukey=CjGVNUAOvp3TLNrc4b7u73qMPA%2Bx%2Bk5yccWtn7Gkrq6PmCt%2FcVvxeEKWT2zrJY%2BPrRQeh6CrDJYA0uZG4Hr%2BskC2tUm7yPXPSjDzk91GMmlhNvAwau%2BIDkCYtgQKCCmfA8Xse%2B0XyLrdQ6LpHmhDsnI%2F0obuMw5tMW3%2Bf0RoZA1yPBztf6k6c8IFlj5d%2BWKXMQVYn5kocP8sRXQdJU%2B4tQ%3D%3D" "Mozilla/5.0 (iPhone; CPU iPhone OS 10_3_1 like Mac OS X) AppleWebKit/603.1.30 (KHTML, like Gecko) Mobile/14E304 MicroMessenger/7.0.3(0x17000321) NetType/WIFI Language/zh_CN"
101.89.239.216 - - [29/Mar/2019:23:03:46 +0800] "GET /logo?nsukey=CjGVNUAOvp3TLNrc4b7u73qMPA%2Bx%2Bk5yccWtn7Gkrq6PmCt%2FcVvxeEKWT2zrJY%2BPrRQeh6CrDJYA0uZG4Hr%2BskC2tUm7yPXPSjDzk91GMmlhNvAwau%2BIDkCYtgQKCCmfA8Xse%2B0XyLrdQ6LpHmhDsnI%2F0obuMw5tMW3%2Bf0RoZA1yPBztf6k6c8IFlj5d%2BWKXMQVYn5kocP8sRXQdJU%2B4tQ%3D%3D HTTP/1.1" 200 2062 "-" "Mozilla/5.0 (Linux; Android 4.4.4; Coolpad Y82-520 Build/KTU84P) AppleWebKit/537.36 (KHTML, like Gecko) Version/4.0 Chrome/33.0.0.0 Mobile Safari/537.36 MicroMessenger/6.5.4.1000 NetType/4G Language/zh_CN"
101.89.239.216 - - [29/Mar/2019:23:03:47 +0800] "GET /static/js/2.cd5c2e8e.chunk.js HTTP/1.1" 200 262144 "http://47.111.175.180/logo?nsukey=CjGVNUAOvp3TLNrc4b7u73qMPA%2Bx%2Bk5yccWtn7Gkrq6PmCt%2FcVvxeEKWT2zrJY%2BPrRQeh6CrDJYA0uZG4Hr%2BskC2tUm7yPXPSjDzk91GMmlhNvAwau%2BIDkCYtgQKCCmfA8Xse%2B0XyLrdQ6LpHmhDsnI%2F0obuMw5tMW3%2Bf0RoZA1yPBztf6k6c8IFlj5d%2BWKXMQVYn5kocP8sRXQdJU%2B4tQ%3D%3D" "Mozilla/5.0 (iPhone; CPU iPhone OS 10_2_1 like Mac OS X) AppleWebKit/602.4.6 (KHTML, like Gecko) Mobile/14D27 MicroMessenger/6.5.5 NetType/WIFI Language/zh_CN"
101.89.239.216 - - [29/Mar/2019:23:03:48 +0800] "GET /static/js/main.d988deb9.chunk.js HTTP/1.1" 200 5996 "http://47.111.175.180/logo?nsukey=CjGVNUAOvp3TLNrc4b7u73qMPA%2Bx%2Bk5yccWtn7Gkrq6PmCt%2FcVvxeEKWT2zrJY%2BPrRQeh6CrDJYA0uZG4Hr%2BskC2tUm7yPXPSjDzk91GMmlhNvAwau%2BIDkCYtgQKCCmfA8Xse%2B0XyLrdQ6LpHmhDsnI%2F0obuMw5tMW3%2Bf0RoZA1yPBztf6k6c8IFlj5d%2BWKXMQVYn5kocP8sRXQdJU%2B4tQ%3D%3D" "Mozilla/5.0 (Linux; Android 5.1.1; SM801 Build/LMY47V; wv) AppleWebKit/537.36 (KHTML, like Gecko) Version/4.0 Chrome/53.0.2785.49 Mobile MQQBrowser/6.2 TBS/043024 Safari/537.36 MicroMessenger/6.5.4.1000 NetType/4G Language/zh_CN"
183.193.62.144 - - [29/Mar/2019:23:07:49 +0800] "GET /logo?nsukey=waa4a2%2FQo8FLSiQCSNTxSpNwKEDgvqAc0rHZShuw9JIB3URoT1VvuzAxnLDcS0ZoMqE9ZIUZehkYPF1XosJED1AJQlOuF6IlsRE2LYDnxG3%2BOIy96cFY8BwSF5j5N3O%2F6la6NjsH331cBdtDGlJaQ5zWPl7nHdor8b%2BHqrMexb26xPIn7lP%2BhZBy8Pj5MhYefNni9%2BGs%2BmtWmXvCccS%2BmQ%3D%3D HTTP/1.1" 200 2062 "-" "Mozilla/5.0 (iPhone; CPU iPhone OS 12_0 like Mac OS X) AppleWebKit/605.1.15 (KHTML, like Gecko) Mobile/16A366 MicroMessenger/7.0.3(0x17000321) NetType/WIFI Language/zh_CN"
183.193.62.144 - - [29/Mar/2019:23:07:49 +0800] "GET /static/css/main.429051dc.chunk.css HTTP/1.1" 304 0 "http://47.111.175.180/logo?nsukey=waa4a2%2FQo8FLSiQCSNTxSpNwKEDgvqAc0rHZShuw9JIB3URoT1VvuzAxnLDcS0ZoMqE9ZIUZehkYPF1XosJED1AJQlOuF6IlsRE2LYDnxG3%2BOIy96cFY8BwSF5j5N3O%2F6la6NjsH331cBdtDGlJaQ5zWPl7nHdor8b%2BHqrMexb26xPIn7lP%2BhZBy8Pj5MhYefNni9%2BGs%2BmtWmXvCccS%2BmQ%3D%3D" "Mozilla/5.0 (iPhone; CPU iPhone OS 12_0 like Mac OS X) AppleWebKit/605.1.15 (KHTML, like Gecko) Mobile/16A366 MicroMessenger/7.0.3(0x17000321) NetType/WIFI Language/zh_CN"
183.193.62.144 - - [29/Mar/2019:23:07:49 +0800] "GET /static/js/2.cd5c2e8e.chunk.js HTTP/1.1" 304 0 "http://47.111.175.180/logo?nsukey=waa4a2%2FQo8FLSiQCSNTxSpNwKEDgvqAc0rHZShuw9JIB3URoT1VvuzAxnLDcS0ZoMqE9ZIUZehkYPF1XosJED1AJQlOuF6IlsRE2LYDnxG3%2BOIy96cFY8BwSF5j5N3O%2F6la6NjsH331cBdtDGlJaQ5zWPl7nHdor8b%2BHqrMexb26xPIn7lP%2BhZBy8Pj5MhYefNni9%2BGs%2BmtWmXvCccS%2BmQ%3D%3D" "Mozilla/5.0 (iPhone; CPU iPhone OS 12_0 like Mac OS X) AppleWebKit/605.1.15 (KHTML, like Gecko) Mobile/16A366 MicroMessenger/7.0.3(0x17000321) NetType/WIFI Language/zh_CN"
183.193.62.144 - - [29/Mar/2019:23:07:49 +0800] "GET /static/js/main.d988deb9.chunk.js HTTP/1.1" 304 0 "http://47.111.175.180/logo?nsukey=waa4a2%2FQo8FLSiQCSNTxSpNwKEDgvqAc0rHZShuw9JIB3URoT1VvuzAxnLDcS0ZoMqE9ZIUZehkYPF1XosJED1AJQlOuF6IlsRE2LYDnxG3%2BOIy96cFY8BwSF5j5N3O%2F6la6NjsH331cBdtDGlJaQ5zWPl7nHdor8b%2BHqrMexb26xPIn7lP%2BhZBy8Pj5MhYefNni9%2BGs%2BmtWmXvCccS%2BmQ%3D%3D" "Mozilla/5.0 (iPhone; CPU iPhone OS 12_0 like Mac OS X) AppleWebKit/605.1.15 (KHTML, like Gecko) Mobile/16A366 MicroMessenger/7.0.3(0x17000321) NetType/WIFI Language/zh_CN"
183.193.62.144 - - [29/Mar/2019:23:07:49 +0800] "GET /static/media/ng-scope.5a9adad6.jpg HTTP/1.1" 304 0 "http://47.111.175.180/logo?nsukey=waa4a2%2FQo8FLSiQCSNTxSpNwKEDgvqAc0rHZShuw9JIB3URoT1VvuzAxnLDcS0ZoMqE9ZIUZehkYPF1XosJED1AJQlOuF6IlsRE2LYDnxG3%2BOIy96cFY8BwSF5j5N3O%2F6la6NjsH331cBdtDGlJaQ5zWPl7nHdor8b%2BHqrMexb26xPIn7lP%2BhZBy8Pj5MhYefNni9%2BGs%2BmtWmXvCccS%2BmQ%3D%3D" "Mozilla/5.0 (iPhone; CPU iPhone OS 12_0 like Mac OS X) AppleWebKit/605.1.15 (KHTML, like Gecko) Mobile/16A366 MicroMessenger/7.0.3(0x17000321) NetType/WIFI Language/zh_CN"
183.193.62.144 - - [29/Mar/2019:23:08:05 +0800] "GET /logo?nsukey=nh0bpx4M7M8nZCMl%2Bex6oTicgIjXxIP6zUZcXE3hyh5Z2Vn%2FI2hDkmZT1ytm9q%2BwP%2FHK7cDURXACsfapUQAb9QoAJvHvUhlR4HI%2BifsxEGYMApogoAvSzpKqTvwVu11t8VBAIccuB7yymS9jYIBgVJuizAxlgu64Pftn50H7VoVTujJ22naBaLvgZRNWe2WSvpaHkJsZ0r%2BVsua0KSyKQg%3D%3D HTTP/1.1" 200 2062 "-" "Mozilla/5.0 (iPhone; CPU iPhone OS 12_0 like Mac OS X) AppleWebKit/605.1.15 (KHTML, like Gecko) Mobile/16A366 MicroMessenger/7.0.3(0x17000321) NetType/WIFI Language/zh_CN"
183.193.62.144 - - [29/Mar/2019:23:08:19 +0800] "GET /static/media/background.46c4f7e5.jpg HTTP/1.1" 304 0 "http://47.111.175.180/video" "Mozilla/5.0 (iPhone; CPU iPhone OS 12_0 like Mac OS X) AppleWebKit/605.1.15 (KHTML, like Gecko) Mobile/16A366 MicroMessenger/7.0.3(0x17000321) NetType/WIFI Language/zh_CN"
61.151.179.84 - - [29/Mar/2019:23:08:49 +0800] "GET /logo?nsukey=waa4a2%2FQo8FLSiQCSNTxSpNwKEDgvqAc0rHZShuw9JIB3URoT1VvuzAxnLDcS0ZoMqE9ZIUZehkYPF1XosJED1AJQlOuF6IlsRE2LYDnxG3%2BOIy96cFY8BwSF5j5N3O%2F6la6NjsH331cBdtDGlJaQ5zWPl7nHdor8b%2BHqrMexb26xPIn7lP%2BhZBy8Pj5MhYefNni9%2BGs%2BmtWmXvCccS%2BmQ%3D%3D HTTP/1.1" 200 2062 "-" "Mozilla/5.0 (iPhone; CPU iPhone OS 10_2_1 like Mac OS X) AppleWebKit/602.4.6 (KHTML, like Gecko) Mobile/14D27 MicroMessenger/6.5.5 NetType/WIFI Language/zh_CN"
183.193.62.144 - - [29/Mar/2019:23:08:49 +0800] "GET /video?nsukey=YnXiAcHIq%2B2bsWgMXosV3tZhwiwv7HGOmlQfxeT7S0cxoDpy521MQNiQ6x6a546vVzoFByefUeHuyQNjR9eJHRQwLUNgdfRsLEJIMJ0eVf2RG9NLqv4hN75b3lKcimZ8H8Tp709PiOOzFqxHvK02ZvrlrcwgSFzAF1iJUV3EUfKJt9Zh%2Bz7BIvU3YO%2FJrZ%2FkuJqdA3KU54XHUpZpVdM7OQ%3D%3D HTTP/1.1" 200 2062 "-" "Mozilla/5.0 (iPhone; CPU iPhone OS 12_0 like Mac OS X) AppleWebKit/605.1.15 (KHTML, like Gecko) Mobile/16A366 MicroMessenger/7.0.3(0x17000321) NetType/WIFI Language/zh_CN"
61.151.179.84 - - [29/Mar/2019:23:08:50 +0800] "GET /static/js/2.cd5c2e8e.chunk.js HTTP/1.1" 200 327680 "http://47.111.175.180/logo?nsukey=waa4a2%2FQo8FLSiQCSNTxSpNwKEDgvqAc0rHZShuw9JIB3URoT1VvuzAxnLDcS0ZoMqE9ZIUZehkYPF1XosJED1AJQlOuF6IlsRE2LYDnxG3%2BOIy96cFY8BwSF5j5N3O%2F6la6NjsH331cBdtDGlJaQ5zWPl7nHdor8b%2BHqrMexb26xPIn7lP%2BhZBy8Pj5MhYefNni9%2BGs%2BmtWmXvCccS%2BmQ%3D%3D" "Mozilla/5.0 (Linux; Android 6.0.1; OPPO R9s Build/MMB29M) AppleWebKit/537.36 (KHTML, like Gecko) Version/4.0 Chrome/37.0.0.0 Mobile MQQBrowser/6.9 TBS/036906 Safari/537.36 MicroMessenger/6.5.4.1000 NetType/4G Language/zh_CN"
61.151.179.84 - - [29/Mar/2019:23:08:50 +0800] "GET /static/js/main.d988deb9.chunk.js HTTP/1.1" 200 5996 "http://47.111.175.180/logo?nsukey=waa4a2%2FQo8FLSiQCSNTxSpNwKEDgvqAc0rHZShuw9JIB3URoT1VvuzAxnLDcS0ZoMqE9ZIUZehkYPF1XosJED1AJQlOuF6IlsRE2LYDnxG3%2BOIy96cFY8BwSF5j5N3O%2F6la6NjsH331cBdtDGlJaQ5zWPl7nHdor8b%2BHqrMexb26xPIn7lP%2BhZBy8Pj5MhYefNni9%2BGs%2BmtWmXvCccS%2BmQ%3D%3D" "Mozilla/5.0 (iPhone; CPU iPhone OS 10_2_1 like Mac OS X) AppleWebKit/602.4.6 (KHTML, like Gecko) Mobile/14D27 MicroMessenger/6.5.5 NetType/WIFI Language/zh_CN"
101.91.60.105 - - [29/Mar/2019:23:09:05 +0800] "GET /logo?nsukey=nh0bpx4M7M8nZCMl%2Bex6oTicgIjXxIP6zUZcXE3hyh5Z2Vn%2FI2hDkmZT1ytm9q%2BwP%2FHK7cDURXACsfapUQAb9QoAJvHvUhlR4HI%2BifsxEGYMApogoAvSzpKqTvwVu11t8VBAIccuB7yymS9jYIBgVJuizAxlgu64Pftn50H7VoVTujJ22naBaLvgZRNWe2WSvpaHkJsZ0r%2BVsua0KSyKQg%3D%3D HTTP/1.1" 200 2062 "-" "Mozilla/5.0 (Linux; Android 5.1.1; SM801 Build/LMY47V; wv) AppleWebKit/537.36 (KHTML, like Gecko) Version/4.0 Chrome/53.0.2785.49 Mobile MQQBrowser/6.2 TBS/043024 Safari/537.36 MicroMessenger/6.5.4.1000 NetType/4G Language/zh_CN"
101.91.60.105 - - [29/Mar/2019:23:09:06 +0800] "GET /static/js/2.cd5c2e8e.chunk.js HTTP/1.1" 200 262144 "http://47.111.175.180/logo?nsukey=nh0bpx4M7M8nZCMl%2Bex6oTicgIjXxIP6zUZcXE3hyh5Z2Vn%2FI2hDkmZT1ytm9q%2BwP%2FHK7cDURXACsfapUQAb9QoAJvHvUhlR4HI%2BifsxEGYMApogoAvSzpKqTvwVu11t8VBAIccuB7yymS9jYIBgVJuizAxlgu64Pftn50H7VoVTujJ22naBaLvgZRNWe2WSvpaHkJsZ0r%2BVsua0KSyKQg%3D%3D" "Mozilla/5.0 (Linux; Android 5.1.1; SM801 Build/LMY47V; wv) AppleWebKit/537.36 (KHTML, like Gecko) Version/4.0 Chrome/53.0.2785.49 Mobile MQQBrowser/6.2 TBS/043024 Safari/537.36 MicroMessenger/6.5.4.1000 NetType/4G Language/zh_CN"
101.91.60.105 - - [29/Mar/2019:23:09:06 +0800] "GET /static/js/main.d988deb9.chunk.js HTTP/1.1" 200 5996 "http://47.111.175.180/logo?nsukey=nh0bpx4M7M8nZCMl%2Bex6oTicgIjXxIP6zUZcXE3hyh5Z2Vn%2FI2hDkmZT1ytm9q%2BwP%2FHK7cDURXACsfapUQAb9QoAJvHvUhlR4HI%2BifsxEGYMApogoAvSzpKqTvwVu11t8VBAIccuB7yymS9jYIBgVJuizAxlgu64Pftn50H7VoVTujJ22naBaLvgZRNWe2WSvpaHkJsZ0r%2BVsua0KSyKQg%3D%3D" "Mozilla/5.0 (iPhone; CPU iPhone OS 10_2_1 like Mac OS X) AppleWebKit/602.4.6 (KHTML, like Gecko) Mobile/14D27 MicroMessenger/6.5.5 NetType/WIFI Language/zh_CN"
39.73.149.145 - - [29/Mar/2019:23:15:44 +0800] "GET /logo?nsukey=hzv%2BtawBhtF7918gaXgVMVGpklE7ozUHQgs2hd1frevmWTtL4Vm4sxEF%2FNC%2BYwujisf8jJHVB1yhH3XmAdbQ6%2FNktz%2Bl3u5LJiekX5mlgeR2rNeBZZ4tQcs3%2BdYu5hLmldxbBGQVSAaaAqUYxDAOUmnKyVxuqebqVo9GvgvesfqkKDFp9YKI%2FgqTtjdVhWgQaNX7His5v1UxoCZjacZU2A%3D%3D HTTP/1.1" 200 2062 "-" "Mozilla/5.0 (iPhone; CPU iPhone OS 12_1_4 like Mac OS X) AppleWebKit/605.1.15 (KHTML, like Gecko) Mobile/16D57 MicroMessenger/7.0.3(0x17000321) NetType/WIFI Language/zh_CN"
39.73.149.145 - - [29/Mar/2019:23:15:45 +0800] "GET /static/css/main.429051dc.chunk.css HTTP/1.1" 200 1230 "http://47.111.175.180/logo?nsukey=hzv%2BtawBhtF7918gaXgVMVGpklE7ozUHQgs2hd1frevmWTtL4Vm4sxEF%2FNC%2BYwujisf8jJHVB1yhH3XmAdbQ6%2FNktz%2Bl3u5LJiekX5mlgeR2rNeBZZ4tQcs3%2BdYu5hLmldxbBGQVSAaaAqUYxDAOUmnKyVxuqebqVo9GvgvesfqkKDFp9YKI%2FgqTtjdVhWgQaNX7His5v1UxoCZjacZU2A%3D%3D" "Mozilla/5.0 (iPhone; CPU iPhone OS 12_1_4 like Mac OS X) AppleWebKit/605.1.15 (KHTML, like Gecko) Mobile/16D57 MicroMessenger/7.0.3(0x17000321) NetType/WIFI Language/zh_CN"
39.73.149.145 - - [29/Mar/2019:23:15:45 +0800] "GET /static/js/main.d988deb9.chunk.js HTTP/1.1" 200 5996 "http://47.111.175.180/logo?nsukey=hzv%2BtawBhtF7918gaXgVMVGpklE7ozUHQgs2hd1frevmWTtL4Vm4sxEF%2FNC%2BYwujisf8jJHVB1yhH3XmAdbQ6%2FNktz%2Bl3u5LJiekX5mlgeR2rNeBZZ4tQcs3%2BdYu5hLmldxbBGQVSAaaAqUYxDAOUmnKyVxuqebqVo9GvgvesfqkKDFp9YKI%2FgqTtjdVhWgQaNX7His5v1UxoCZjacZU2A%3D%3D" "Mozilla/5.0 (iPhone; CPU iPhone OS 12_1_4 like Mac OS X) AppleWebKit/605.1.15 (KHTML, like Gecko) Mobile/16D57 MicroMessenger/7.0.3(0x17000321) NetType/WIFI Language/zh_CN"
39.73.149.145 - - [29/Mar/2019:23:15:50 +0800] "GET /static/js/2.cd5c2e8e.chunk.js HTTP/1.1" 200 949472 "http://47.111.175.180/logo?nsukey=hzv%2BtawBhtF7918gaXgVMVGpklE7ozUHQgs2hd1frevmWTtL4Vm4sxEF%2FNC%2BYwujisf8jJHVB1yhH3XmAdbQ6%2FNktz%2Bl3u5LJiekX5mlgeR2rNeBZZ4tQcs3%2BdYu5hLmldxbBGQVSAaaAqUYxDAOUmnKyVxuqebqVo9GvgvesfqkKDFp9YKI%2FgqTtjdVhWgQaNX7His5v1UxoCZjacZU2A%3D%3D" "Mozilla/5.0 (iPhone; CPU iPhone OS 12_1_4 like Mac OS X) AppleWebKit/605.1.15 (KHTML, like Gecko) Mobile/16D57 MicroMessenger/7.0.3(0x17000321) NetType/WIFI Language/zh_CN"
39.73.149.145 - - [29/Mar/2019:23:15:51 +0800] "GET /static/media/ng-scope.5a9adad6.jpg HTTP/1.1" 200 40648 "http://47.111.175.180/logo?nsukey=hzv%2BtawBhtF7918gaXgVMVGpklE7ozUHQgs2hd1frevmWTtL4Vm4sxEF%2FNC%2BYwujisf8jJHVB1yhH3XmAdbQ6%2FNktz%2Bl3u5LJiekX5mlgeR2rNeBZZ4tQcs3%2BdYu5hLmldxbBGQVSAaaAqUYxDAOUmnKyVxuqebqVo9GvgvesfqkKDFp9YKI%2FgqTtjdVhWgQaNX7His5v1UxoCZjacZU2A%3D%3D" "Mozilla/5.0 (iPhone; CPU iPhone OS 12_1_4 like Mac OS X) AppleWebKit/605.1.15 (KHTML, like Gecko) Mobile/16D57 MicroMessenger/7.0.3(0x17000321) NetType/WIFI Language/zh_CN"
61.129.6.225 - - [29/Mar/2019:23:16:45 +0800] "GET /logo?nsukey=hzv%2BtawBhtF7918gaXgVMVGpklE7ozUHQgs2hd1frevmWTtL4Vm4sxEF%2FNC%2BYwujisf8jJHVB1yhH3XmAdbQ6%2FNktz%2Bl3u5LJiekX5mlgeR2rNeBZZ4tQcs3%2BdYu5hLmldxbBGQVSAaaAqUYxDAOUmnKyVxuqebqVo9GvgvesfqkKDFp9YKI%2FgqTtjdVhWgQaNX7His5v1UxoCZjacZU2A%3D%3D HTTP/1.1" 200 2062 "-" "Mozilla/5.0 (Linux; Android 6.0.1; OPPO R9s Build/MMB29M) AppleWebKit/537.36 (KHTML, like Gecko) Version/4.0 Chrome/37.0.0.0 Mobile MQQBrowser/6.9 TBS/036906 Safari/537.36 MicroMessenger/6.5.4.1000 NetType/4G Language/zh_CN"
61.129.6.225 - - [29/Mar/2019:23:16:46 +0800] "GET /static/js/2.cd5c2e8e.chunk.js HTTP/1.1" 200 327680 "http://47.111.175.180/logo?nsukey=hzv%2BtawBhtF7918gaXgVMVGpklE7ozUHQgs2hd1frevmWTtL4Vm4sxEF%2FNC%2BYwujisf8jJHVB1yhH3XmAdbQ6%2FNktz%2Bl3u5LJiekX5mlgeR2rNeBZZ4tQcs3%2BdYu5hLmldxbBGQVSAaaAqUYxDAOUmnKyVxuqebqVo9GvgvesfqkKDFp9YKI%2FgqTtjdVhWgQaNX7His5v1UxoCZjacZU2A%3D%3D" "Mozilla/5.0 (iPhone; CPU iPhone OS 10_2_1 like Mac OS X) AppleWebKit/602.4.6 (KHTML, like Gecko) Mobile/14D27 MicroMessenger/6.5.5 NetType/WIFI Language/zh_CN"
61.129.6.225 - - [29/Mar/2019:23:16:47 +0800] "GET /static/js/main.d988deb9.chunk.js HTTP/1.1" 200 5996 "http://47.111.175.180/logo?nsukey=hzv%2BtawBhtF7918gaXgVMVGpklE7ozUHQgs2hd1frevmWTtL4Vm4sxEF%2FNC%2BYwujisf8jJHVB1yhH3XmAdbQ6%2FNktz%2Bl3u5LJiekX5mlgeR2rNeBZZ4tQcs3%2BdYu5hLmldxbBGQVSAaaAqUYxDAOUmnKyVxuqebqVo9GvgvesfqkKDFp9YKI%2FgqTtjdVhWgQaNX7His5v1UxoCZjacZU2A%3D%3D" "Mozilla/5.0 (Linux; Android 4.4.4; Coolpad Y82-520 Build/KTU84P) AppleWebKit/537.36 (KHTML, like Gecko) Version/4.0 Chrome/33.0.0.0 Mobile Safari/537.36 MicroMessenger/6.5.4.1000 NetType/4G Language/zh_CN"
190.103.204.235 - - [30/Mar/2019:01:22:20 +0800] "GET / HTTP/1.1" 200 2062 "-" "Mozilla/5.0 (Macintosh; Intel Mac OS X 10_11_6) AppleWebKit/601.7.7 (KHTML, like Gecko) Version/9.1.2 Safari/601.7.7"
187.10.43.167 - - [30/Mar/2019:01:31:07 +0800] "GET / HTTP/1.1" 200 2062 "-" "Mozilla/5.0 (Windows NT 10.0; WOW64) AppleWebKit/537.36 (KHTML, like Gecko) Chrome/52.0.2743.116 Safari/537.36"
169.255.125.110 - - [30/Mar/2019:02:01:03 +0800] "GET / HTTP/1.1" 200 2062 "-" "Mozilla/5.0 (Windows NT 6.1; WOW64) AppleWebKit/537.36 (KHTML, like Gecko) Chrome/51.0.2704.103 Safari/537.36"
54.84.99.69 - - [30/Mar/2019:02:52:18 +0800] "GET / HTTP/1.1" 200 2062 "-" "Mozilla/5.0 zgrab/0.x"
69.162.127.162 - - [30/Mar/2019:02:53:31 +0800] "HEAD /robots.txt HTTP/1.0" 404 0 "-" "-"
92.118.161.61 - - [30/Mar/2019:04:28:31 +0800] "GET / HTTP/1.0" 200 2062 "-" "NetSystemsResearch studies the availability of various services across the internet. Our website is netsystemsresearch.com"
2.184.196.18 - - [30/Mar/2019:04:32:50 +0800] "GET / HTTP/1.1" 200 2062 "-" "Mozilla/5.0 (Windows NT 10.0; WOW64) AppleWebKit/537.36 (KHTML, like Gecko) Chrome/52.0.2743.116 Safari/537.36"
62.210.127.15 - - [30/Mar/2019:04:55:04 +0800] "  11: 0100007F:283E" 400 173 "-" "-"
