58.32.252.234 - - [01/Apr/2019:10:16:28 +0800] "GET /logo HTTP/1.1" 200 2062 "-" "Mozilla/5.0 (Windows NT 10.0; Win64; x64) AppleWebKit/537.36 (KHTML, like Gecko) Chrome/73.0.3683.86 Safari/537.36"
58.32.252.234 - - [01/Apr/2019:10:16:28 +0800] "GET /static/css/main.dd672e3a.chunk.css HTTP/1.1" 200 1372 "http://47.111.175.180/logo" "Mozilla/5.0 (Windows NT 10.0; Win64; x64) AppleWebKit/537.36 (KHTML, like Gecko) Chrome/73.0.3683.86 Safari/537.36"
58.32.252.234 - - [01/Apr/2019:10:16:28 +0800] "GET /static/js/main.2fdcf2b8.chunk.js HTTP/1.1" 200 7545 "http://47.111.175.180/logo" "Mozilla/5.0 (Windows NT 10.0; Win64; x64) AppleWebKit/537.36 (KHTML, like Gecko) Chrome/73.0.3683.86 Safari/537.36"
58.32.252.234 - - [01/Apr/2019:10:16:28 +0800] "GET /static/css/main.dd672e3a.chunk.css.map HTTP/1.1" 200 5113 "-" "Mozilla/5.0 (Windows NT 10.0; Win64; x64) AppleWebKit/537.36 (KHTML, like Gecko) Chrome/73.0.3683.86 Safari/537.36"
223.104.213.10 - - [01/Apr/2019:10:16:30 +0800] "GET /logo HTTP/1.1" 200 2062 "-" "Mozilla/5.0 (iPhone; CPU iPhone OS 12_1_4 like Mac OS X) AppleWebKit/605.1.15 (KHTML, like Gecko) Version/12.0 Mobile/15E148 Safari/604.1"
223.104.213.10 - - [01/Apr/2019:10:16:30 +0800] "GET /static/js/main.2fdcf2b8.chunk.js HTTP/1.1" 304 0 "http://47.111.175.180/logo" "Mozilla/5.0 (iPhone; CPU iPhone OS 12_1_4 like Mac OS X) AppleWebKit/605.1.15 (KHTML, like Gecko) Version/12.0 Mobile/15E148 Safari/604.1"
223.104.213.10 - - [01/Apr/2019:10:16:30 +0800] "GET /static/js/2.f12f2547.chunk.js HTTP/1.1" 304 0 "http://47.111.175.180/logo" "Mozilla/5.0 (iPhone; CPU iPhone OS 12_1_4 like Mac OS X) AppleWebKit/605.1.15 (KHTML, like Gecko) Version/12.0 Mobile/15E148 Safari/604.1"
58.32.252.234 - - [01/Apr/2019:10:16:34 +0800] "GET /static/js/2.f12f2547.chunk.js HTTP/1.1" 200 949471 "http://47.111.175.180/logo" "Mozilla/5.0 (Windows NT 10.0; Win64; x64) AppleWebKit/537.36 (KHTML, like Gecko) Chrome/73.0.3683.86 Safari/537.36"
58.32.252.234 - - [01/Apr/2019:10:16:34 +0800] "GET /static/media/ng-scope.5a9adad6.jpg HTTP/1.1" 200 40648 "http://47.111.175.180/logo" "Mozilla/5.0 (Windows NT 10.0; Win64; x64) AppleWebKit/537.36 (KHTML, like Gecko) Chrome/73.0.3683.86 Safari/537.36"
58.32.252.234 - - [01/Apr/2019:10:16:34 +0800] "GET /static/js/main.2fdcf2b8.chunk.js.map HTTP/1.1" 200 17518 "-" "Mozilla/5.0 (Windows NT 10.0; Win64; x64) AppleWebKit/537.36 (KHTML, like Gecko) Chrome/73.0.3683.86 Safari/537.36"
58.32.252.234 - - [01/Apr/2019:10:16:50 +0800] "GET /static/js/2.f12f2547.chunk.js.map HTTP/1.1" 200 2265251 "-" "Mozilla/5.0 (Windows NT 10.0; Win64; x64) AppleWebKit/537.36 (KHTML, like Gecko) Chrome/73.0.3683.86 Safari/537.36"
223.104.213.10 - - [01/Apr/2019:10:17:50 +0800] "GET /logo HTTP/1.1" 200 2062 "-" "Mozilla/5.0 (iPhone; CPU iPhone OS 12_1_4 like Mac OS X) AppleWebKit/605.1.15 (KHTML, like Gecko) Version/12.0 Mobile/15E148 Safari/604.1"
223.104.213.10 - - [01/Apr/2019:10:17:50 +0800] "GET /static/js/main.2fdcf2b8.chunk.js HTTP/1.1" 304 0 "http://47.111.175.180/logo" "Mozilla/5.0 (iPhone; CPU iPhone OS 12_1_4 like Mac OS X) AppleWebKit/605.1.15 (KHTML, like Gecko) Version/12.0 Mobile/15E148 Safari/604.1"
223.104.213.10 - - [01/Apr/2019:10:17:50 +0800] "GET /static/js/2.f12f2547.chunk.js HTTP/1.1" 304 0 "http://47.111.175.180/logo" "Mozilla/5.0 (iPhone; CPU iPhone OS 12_1_4 like Mac OS X) AppleWebKit/605.1.15 (KHTML, like Gecko) Version/12.0 Mobile/15E148 Safari/604.1"
58.32.252.234 - - [01/Apr/2019:10:19:54 +0800] "GET /static/media/refresh.e144c17d.jpg HTTP/1.1" 200 16166 "http://47.111.175.180/logo" "Mozilla/5.0 (Windows NT 10.0; Win64; x64) AppleWebKit/537.36 (KHTML, like Gecko) Chrome/73.0.3683.86 Safari/537.36"
139.224.15.159 - - [01/Apr/2019:10:22:59 +0800] "GET /logo HTTP/1.1" 200 2062 "-" "Mozilla/5.0 (X11; Ubuntu; Linux x86_64; rv:36.0) Gecko/20100101 Firefox/36.0"
223.104.213.10 - - [01/Apr/2019:10:25:48 +0800] "GET /logo HTTP/1.1" 200 2062 "-" "Mozilla/5.0 (iPhone; CPU iPhone OS 12_1_4 like Mac OS X) AppleWebKit/605.1.15 (KHTML, like Gecko) Version/12.0 Mobile/15E148 Safari/604.1"
223.104.213.10 - - [01/Apr/2019:10:25:48 +0800] "GET /static/css/main.dd672e3a.chunk.css HTTP/1.1" 200 1372 "http://47.111.175.180/logo" "Mozilla/5.0 (iPhone; CPU iPhone OS 12_1_4 like Mac OS X) AppleWebKit/605.1.15 (KHTML, like Gecko) Version/12.0 Mobile/15E148 Safari/604.1"
223.104.213.10 - - [01/Apr/2019:10:25:48 +0800] "GET /static/js/main.2fdcf2b8.chunk.js HTTP/1.1" 304 0 "http://47.111.175.180/logo" "Mozilla/5.0 (iPhone; CPU iPhone OS 12_1_4 like Mac OS X) AppleWebKit/605.1.15 (KHTML, like Gecko) Version/12.0 Mobile/15E148 Safari/604.1"
223.104.213.10 - - [01/Apr/2019:10:25:48 +0800] "GET /static/js/2.f12f2547.chunk.js HTTP/1.1" 304 0 "http://47.111.175.180/logo" "Mozilla/5.0 (iPhone; CPU iPhone OS 12_1_4 like Mac OS X) AppleWebKit/605.1.15 (KHTML, like Gecko) Version/12.0 Mobile/15E148 Safari/604.1"
223.104.213.10 - - [01/Apr/2019:10:25:48 +0800] "GET /static/media/ng-scope.5a9adad6.jpg HTTP/1.1" 200 40648 "http://47.111.175.180/logo" "Mozilla/5.0 (iPhone; CPU iPhone OS 12_1_4 like Mac OS X) AppleWebKit/605.1.15 (KHTML, like Gecko) Version/12.0 Mobile/15E148 Safari/604.1"
223.104.213.10 - - [01/Apr/2019:10:28:32 +0800] "GET /logo HTTP/1.1" 200 2062 "-" "Mozilla/5.0 (iPhone; CPU iPhone OS 12_1_4 like Mac OS X) AppleWebKit/605.1.15 (KHTML, like Gecko) Version/12.0 Mobile/15E148 Safari/604.1"
223.104.213.10 - - [01/Apr/2019:10:28:32 +0800] "GET /static/css/main.dd672e3a.chunk.css HTTP/1.1" 304 0 "http://47.111.175.180/logo" "Mozilla/5.0 (iPhone; CPU iPhone OS 12_1_4 like Mac OS X) AppleWebKit/605.1.15 (KHTML, like Gecko) Version/12.0 Mobile/15E148 Safari/604.1"
223.104.213.10 - - [01/Apr/2019:10:28:32 +0800] "GET /static/js/2.f12f2547.chunk.js HTTP/1.1" 304 0 "http://47.111.175.180/logo" "Mozilla/5.0 (iPhone; CPU iPhone OS 12_1_4 like Mac OS X) AppleWebKit/605.1.15 (KHTML, like Gecko) Version/12.0 Mobile/15E148 Safari/604.1"
223.104.213.10 - - [01/Apr/2019:10:28:32 +0800] "GET /static/js/main.2fdcf2b8.chunk.js HTTP/1.1" 304 0 "http://47.111.175.180/logo" "Mozilla/5.0 (iPhone; CPU iPhone OS 12_1_4 like Mac OS X) AppleWebKit/605.1.15 (KHTML, like Gecko) Version/12.0 Mobile/15E148 Safari/604.1"
223.104.213.10 - - [01/Apr/2019:10:28:32 +0800] "GET /static/media/ng-scope.5a9adad6.jpg HTTP/1.1" 304 0 "http://47.111.175.180/logo" "Mozilla/5.0 (iPhone; CPU iPhone OS 12_1_4 like Mac OS X) AppleWebKit/605.1.15 (KHTML, like Gecko) Version/12.0 Mobile/15E148 Safari/604.1"
223.104.213.10 - - [01/Apr/2019:10:28:36 +0800] "GET /logo HTTP/1.1" 200 2062 "-" "Mozilla/5.0 (iPhone; CPU iPhone OS 12_1_4 like Mac OS X) AppleWebKit/605.1.15 (KHTML, like Gecko) Version/12.0 Mobile/15E148 Safari/604.1"
223.104.213.10 - - [01/Apr/2019:10:29:15 +0800] "GET /logo HTTP/1.1" 200 2062 "-" "Mozilla/5.0 (iPhone; CPU iPhone OS 12_1_4 like Mac OS X) AppleWebKit/605.1.15 (KHTML, like Gecko) Version/12.0 Mobile/15E148 Safari/604.1"
223.104.213.10 - - [01/Apr/2019:10:30:21 +0800] "GET /logo HTTP/1.1" 200 2062 "-" "Mozilla/5.0 (iPhone; CPU iPhone OS 12_1_4 like Mac OS X) AppleWebKit/605.1.15 (KHTML, like Gecko) Version/12.0 Mobile/15E148 Safari/604.1"
58.32.252.234 - - [01/Apr/2019:10:30:39 +0800] "GET /logo HTTP/1.1" 200 2062 "-" "Mozilla/5.0 (Windows NT 10.0; Win64; x64) AppleWebKit/537.36 (KHTML, like Gecko) Chrome/73.0.3683.86 Safari/537.36"
58.32.252.234 - - [01/Apr/2019:10:30:39 +0800] "GET /static/css/main.dd672e3a.chunk.css HTTP/1.1" 200 1372 "http://47.111.175.180/logo" "Mozilla/5.0 (Windows NT 10.0; Win64; x64) AppleWebKit/537.36 (KHTML, like Gecko) Chrome/73.0.3683.86 Safari/537.36"
58.32.252.234 - - [01/Apr/2019:10:30:39 +0800] "GET /static/js/main.2fdcf2b8.chunk.js HTTP/1.1" 200 7545 "http://47.111.175.180/logo" "Mozilla/5.0 (Windows NT 10.0; Win64; x64) AppleWebKit/537.36 (KHTML, like Gecko) Chrome/73.0.3683.86 Safari/537.36"
58.32.252.234 - - [01/Apr/2019:10:30:39 +0800] "GET /static/css/main.dd672e3a.chunk.css.map HTTP/1.1" 200 5113 "-" "Mozilla/5.0 (Windows NT 10.0; Win64; x64) AppleWebKit/537.36 (KHTML, like Gecko) Chrome/73.0.3683.86 Safari/537.36"
58.32.252.234 - - [01/Apr/2019:10:30:45 +0800] "GET /static/js/2.f12f2547.chunk.js HTTP/1.1" 200 949471 "http://47.111.175.180/logo" "Mozilla/5.0 (Windows NT 10.0; Win64; x64) AppleWebKit/537.36 (KHTML, like Gecko) Chrome/73.0.3683.86 Safari/537.36"
58.32.252.234 - - [01/Apr/2019:10:30:45 +0800] "GET /static/media/ng-scope.5a9adad6.jpg HTTP/1.1" 200 40648 "http://47.111.175.180/logo" "Mozilla/5.0 (Windows NT 10.0; Win64; x64) AppleWebKit/537.36 (KHTML, like Gecko) Chrome/73.0.3683.86 Safari/537.36"
58.32.252.234 - - [01/Apr/2019:10:30:45 +0800] "GET /static/js/main.2fdcf2b8.chunk.js.map HTTP/1.1" 200 17518 "-" "Mozilla/5.0 (Windows NT 10.0; Win64; x64) AppleWebKit/537.36 (KHTML, like Gecko) Chrome/73.0.3683.86 Safari/537.36"
58.32.252.234 - - [01/Apr/2019:10:31:02 +0800] "GET /static/js/2.f12f2547.chunk.js.map HTTP/1.1" 200 2265251 "-" "Mozilla/5.0 (Windows NT 10.0; Win64; x64) AppleWebKit/537.36 (KHTML, like Gecko) Chrome/73.0.3683.86 Safari/537.36"
223.104.213.10 - - [01/Apr/2019:10:33:08 +0800] "GET /logo HTTP/1.1" 200 2062 "-" "Mozilla/5.0 (iPhone; CPU iPhone OS 12_1_4 like Mac OS X) AppleWebKit/605.1.15 (KHTML, like Gecko) Version/12.0 Mobile/15E148 Safari/604.1"
223.104.213.10 - - [01/Apr/2019:10:33:08 +0800] "GET /static/css/main.dd672e3a.chunk.css HTTP/1.1" 304 0 "http://47.111.175.180/logo" "Mozilla/5.0 (iPhone; CPU iPhone OS 12_1_4 like Mac OS X) AppleWebKit/605.1.15 (KHTML, like Gecko) Version/12.0 Mobile/15E148 Safari/604.1"
223.104.213.10 - - [01/Apr/2019:10:33:08 +0800] "GET /static/js/2.f12f2547.chunk.js HTTP/1.1" 304 0 "http://47.111.175.180/logo" "Mozilla/5.0 (iPhone; CPU iPhone OS 12_1_4 like Mac OS X) AppleWebKit/605.1.15 (KHTML, like Gecko) Version/12.0 Mobile/15E148 Safari/604.1"
223.104.213.10 - - [01/Apr/2019:10:33:08 +0800] "GET /static/js/main.2fdcf2b8.chunk.js HTTP/1.1" 304 0 "http://47.111.175.180/logo" "Mozilla/5.0 (iPhone; CPU iPhone OS 12_1_4 like Mac OS X) AppleWebKit/605.1.15 (KHTML, like Gecko) Version/12.0 Mobile/15E148 Safari/604.1"
223.104.213.10 - - [01/Apr/2019:10:33:08 +0800] "GET /static/media/ng-scope.5a9adad6.jpg HTTP/1.1" 304 0 "http://47.111.175.180/logo" "Mozilla/5.0 (iPhone; CPU iPhone OS 12_1_4 like Mac OS X) AppleWebKit/605.1.15 (KHTML, like Gecko) Version/12.0 Mobile/15E148 Safari/604.1"
223.104.213.10 - - [01/Apr/2019:10:33:55 +0800] "GET /logo HTTP/1.1" 200 2062 "-" "Mozilla/5.0 (iPhone; CPU iPhone OS 12_1_4 like Mac OS X) AppleWebKit/605.1.15 (KHTML, like Gecko) Version/12.0 Mobile/15E148 Safari/604.1"
58.32.252.234 - - [01/Apr/2019:10:34:05 +0800] "GET /static/media/refresh.e144c17d.jpg HTTP/1.1" 200 16166 "http://47.111.175.180/logo" "Mozilla/5.0 (Windows NT 10.0; Win64; x64) AppleWebKit/537.36 (KHTML, like Gecko) Chrome/73.0.3683.86 Safari/537.36"
80.82.70.187 - - [01/Apr/2019:10:34:25 +0800] "GET http://www.baidu.com/cache/global/img/gs.gif HTTP/1.1" 404 169 "-" "Mozilla"
58.32.252.234 - - [01/Apr/2019:10:36:40 +0800] "GET /logo HTTP/1.1" 200 2062 "-" "Mozilla/5.0 (Windows NT 10.0; WOW64; Trident/7.0; rv:11.0) like Gecko"
58.32.252.234 - - [01/Apr/2019:10:36:40 +0800] "GET /static/css/main.dd672e3a.chunk.css HTTP/1.1" 200 1372 "http://47.111.175.180/logo" "Mozilla/5.0 (Windows NT 10.0; WOW64; Trident/7.0; rv:11.0) like Gecko"
58.32.252.234 - - [01/Apr/2019:10:36:40 +0800] "GET /static/js/main.2fdcf2b8.chunk.js HTTP/1.1" 200 7545 "http://47.111.175.180/logo" "Mozilla/5.0 (Windows NT 10.0; WOW64; Trident/7.0; rv:11.0) like Gecko"
58.32.252.234 - - [01/Apr/2019:10:36:45 +0800] "GET /static/js/2.f12f2547.chunk.js HTTP/1.1" 200 949471 "http://47.111.175.180/logo" "Mozilla/5.0 (Windows NT 10.0; WOW64; Trident/7.0; rv:11.0) like Gecko"
58.32.252.234 - - [01/Apr/2019:10:36:46 +0800] "GET /favicon.ico HTTP/1.1" 200 3870 "-" "Mozilla/5.0 (Windows NT 10.0; Win64; x64; Trident/7.0; rv:11.0) like Gecko"
58.32.252.234 - - [01/Apr/2019:10:36:52 +0800] "GET /static/css/main.dd672e3a.chunk.css HTTP/1.1" 200 1372 "-" "Mozilla/5.0 (Windows NT 10.0; WOW64; Trident/7.0; rv:11.0) like Gecko"
58.32.252.234 - - [01/Apr/2019:10:36:52 +0800] "GET /static/css/main.dd672e3a.chunk.css.map HTTP/1.1" 200 5113 "-" "Mozilla/5.0 (Windows NT 10.0; WOW64; Trident/7.0; rv:11.0) like Gecko"
58.32.252.234 - - [01/Apr/2019:10:37:08 +0800] "GET /static/js/main.2fdcf2b8.chunk.js.map HTTP/1.1" 200 17518 "-" "Mozilla/5.0 (Windows NT 10.0; WOW64; Trident/7.0; rv:11.0) like Gecko"
58.32.252.234 - - [01/Apr/2019:10:37:23 +0800] "GET /static/js/2.f12f2547.chunk.js.map HTTP/1.1" 200 2265251 "-" "Mozilla/5.0 (Windows NT 10.0; WOW64; Trident/7.0; rv:11.0) like Gecko"
223.104.213.10 - - [01/Apr/2019:10:38:39 +0800] "GET /logo HTTP/1.1" 200 2062 "-" "Mozilla/5.0 (iPhone; CPU iPhone OS 12_1_4 like Mac OS X) AppleWebKit/605.1.15 (KHTML, like Gecko) Version/12.0 Mobile/15E148 Safari/604.1"
223.104.213.10 - - [01/Apr/2019:10:38:39 +0800] "GET /static/js/main.2fdcf2b8.chunk.js HTTP/1.1" 304 0 "http://47.111.175.180/logo" "Mozilla/5.0 (iPhone; CPU iPhone OS 12_1_4 like Mac OS X) AppleWebKit/605.1.15 (KHTML, like Gecko) Version/12.0 Mobile/15E148 Safari/604.1"
223.104.213.10 - - [01/Apr/2019:10:38:39 +0800] "GET /static/css/main.dd672e3a.chunk.css HTTP/1.1" 304 0 "http://47.111.175.180/logo" "Mozilla/5.0 (iPhone; CPU iPhone OS 12_1_4 like Mac OS X) AppleWebKit/605.1.15 (KHTML, like Gecko) Version/12.0 Mobile/15E148 Safari/604.1"
223.104.213.10 - - [01/Apr/2019:10:38:39 +0800] "GET /static/js/2.f12f2547.chunk.js HTTP/1.1" 304 0 "http://47.111.175.180/logo" "Mozilla/5.0 (iPhone; CPU iPhone OS 12_1_4 like Mac OS X) AppleWebKit/605.1.15 (KHTML, like Gecko) Version/12.0 Mobile/15E148 Safari/604.1"
223.104.213.10 - - [01/Apr/2019:10:38:39 +0800] "GET /static/media/ng-scope.5a9adad6.jpg HTTP/1.1" 304 0 "http://47.111.175.180/logo" "Mozilla/5.0 (iPhone; CPU iPhone OS 12_1_4 like Mac OS X) AppleWebKit/605.1.15 (KHTML, like Gecko) Version/12.0 Mobile/15E148 Safari/604.1"
223.104.213.10 - - [01/Apr/2019:10:46:05 +0800] "GET /logo HTTP/1.1" 200 2062 "-" "Mozilla/5.0 (iPhone; CPU iPhone OS 12_1_4 like Mac OS X) AppleWebKit/605.1.15 (KHTML, like Gecko) Version/12.0 Mobile/15E148 Safari/604.1"
223.104.213.10 - - [01/Apr/2019:10:46:05 +0800] "GET /static/css/main.dd672e3a.chunk.css HTTP/1.1" 304 0 "http://47.111.175.180/logo" "Mozilla/5.0 (iPhone; CPU iPhone OS 12_1_4 like Mac OS X) AppleWebKit/605.1.15 (KHTML, like Gecko) Version/12.0 Mobile/15E148 Safari/604.1"
223.104.213.10 - - [01/Apr/2019:10:46:05 +0800] "GET /static/js/main.2fdcf2b8.chunk.js HTTP/1.1" 304 0 "http://47.111.175.180/logo" "Mozilla/5.0 (iPhone; CPU iPhone OS 12_1_4 like Mac OS X) AppleWebKit/605.1.15 (KHTML, like Gecko) Version/12.0 Mobile/15E148 Safari/604.1"
223.104.213.10 - - [01/Apr/2019:10:46:05 +0800] "GET /static/js/2.f12f2547.chunk.js HTTP/1.1" 304 0 "http://47.111.175.180/logo" "Mozilla/5.0 (iPhone; CPU iPhone OS 12_1_4 like Mac OS X) AppleWebKit/605.1.15 (KHTML, like Gecko) Version/12.0 Mobile/15E148 Safari/604.1"
223.104.213.10 - - [01/Apr/2019:10:46:05 +0800] "GET /static/media/ng-scope.5a9adad6.jpg HTTP/1.1" 304 0 "http://47.111.175.180/logo" "Mozilla/5.0 (iPhone; CPU iPhone OS 12_1_4 like Mac OS X) AppleWebKit/605.1.15 (KHTML, like Gecko) Version/12.0 Mobile/15E148 Safari/604.1"
58.32.252.234 - - [01/Apr/2019:10:57:20 +0800] "GET /logo HTTP/1.1" 200 2062 "-" "Mozilla/5.0 (Windows NT 10.0; Win64; x64) AppleWebKit/537.36 (KHTML, like Gecko) Chrome/73.0.3683.86 Safari/537.36"
58.32.252.234 - - [01/Apr/2019:10:57:20 +0800] "GET /static/css/main.dd672e3a.chunk.css HTTP/1.1" 200 1372 "http://47.111.175.180/logo" "Mozilla/5.0 (Windows NT 10.0; Win64; x64) AppleWebKit/537.36 (KHTML, like Gecko) Chrome/73.0.3683.86 Safari/537.36"
58.32.252.234 - - [01/Apr/2019:10:57:20 +0800] "GET /static/js/main.2fdcf2b8.chunk.js HTTP/1.1" 200 7545 "http://47.111.175.180/logo" "Mozilla/5.0 (Windows NT 10.0; Win64; x64) AppleWebKit/537.36 (KHTML, like Gecko) Chrome/73.0.3683.86 Safari/537.36"
58.32.252.234 - - [01/Apr/2019:10:57:20 +0800] "GET /static/css/main.dd672e3a.chunk.css.map HTTP/1.1" 200 5113 "-" "Mozilla/5.0 (Windows NT 10.0; Win64; x64) AppleWebKit/537.36 (KHTML, like Gecko) Chrome/73.0.3683.86 Safari/537.36"
58.32.252.234 - - [01/Apr/2019:10:57:25 +0800] "GET /static/js/2.f12f2547.chunk.js HTTP/1.1" 200 949471 "http://47.111.175.180/logo" "Mozilla/5.0 (Windows NT 10.0; Win64; x64) AppleWebKit/537.36 (KHTML, like Gecko) Chrome/73.0.3683.86 Safari/537.36"
58.32.252.234 - - [01/Apr/2019:10:57:26 +0800] "GET /static/media/ng-scope.5a9adad6.jpg HTTP/1.1" 200 40648 "http://47.111.175.180/logo" "Mozilla/5.0 (Windows NT 10.0; Win64; x64) AppleWebKit/537.36 (KHTML, like Gecko) Chrome/73.0.3683.86 Safari/537.36"
58.32.252.234 - - [01/Apr/2019:10:57:26 +0800] "GET /static/js/main.2fdcf2b8.chunk.js.map HTTP/1.1" 200 17518 "-" "Mozilla/5.0 (Windows NT 10.0; Win64; x64) AppleWebKit/537.36 (KHTML, like Gecko) Chrome/73.0.3683.86 Safari/537.36"
58.32.252.234 - - [01/Apr/2019:10:57:42 +0800] "GET /static/js/2.f12f2547.chunk.js.map HTTP/1.1" 200 2265251 "-" "Mozilla/5.0 (Windows NT 10.0; Win64; x64) AppleWebKit/537.36 (KHTML, like Gecko) Chrome/73.0.3683.86 Safari/537.36"
223.104.213.10 - - [01/Apr/2019:10:59:21 +0800] "GET /static/media/refresh.e144c17d.jpg HTTP/1.1" 200 16166 "http://47.111.175.180/logo" "Mozilla/5.0 (iPhone; CPU iPhone OS 12_1_4 like Mac OS X) AppleWebKit/605.1.15 (KHTML, like Gecko) Version/12.0 Mobile/15E148 Safari/604.1"
223.104.213.10 - - [01/Apr/2019:10:59:28 +0800] "GET /logo HTTP/1.1" 200 2062 "-" "Mozilla/5.0 (iPhone; CPU iPhone OS 12_1_4 like Mac OS X) AppleWebKit/605.1.15 (KHTML, like Gecko) Version/12.0 Mobile/15E148 Safari/604.1"
223.104.213.10 - - [01/Apr/2019:10:59:28 +0800] "GET /static/css/main.dd672e3a.chunk.css HTTP/1.1" 304 0 "http://47.111.175.180/logo" "Mozilla/5.0 (iPhone; CPU iPhone OS 12_1_4 like Mac OS X) AppleWebKit/605.1.15 (KHTML, like Gecko) Version/12.0 Mobile/15E148 Safari/604.1"
223.104.213.10 - - [01/Apr/2019:10:59:28 +0800] "GET /static/js/2.f12f2547.chunk.js HTTP/1.1" 304 0 "http://47.111.175.180/logo" "Mozilla/5.0 (iPhone; CPU iPhone OS 12_1_4 like Mac OS X) AppleWebKit/605.1.15 (KHTML, like Gecko) Version/12.0 Mobile/15E148 Safari/604.1"
223.104.213.10 - - [01/Apr/2019:10:59:28 +0800] "GET /static/js/main.2fdcf2b8.chunk.js HTTP/1.1" 304 0 "http://47.111.175.180/logo" "Mozilla/5.0 (iPhone; CPU iPhone OS 12_1_4 like Mac OS X) AppleWebKit/605.1.15 (KHTML, like Gecko) Version/12.0 Mobile/15E148 Safari/604.1"
223.104.213.10 - - [01/Apr/2019:10:59:28 +0800] "GET /static/media/ng-scope.5a9adad6.jpg HTTP/1.1" 304 0 "http://47.111.175.180/logo" "Mozilla/5.0 (iPhone; CPU iPhone OS 12_1_4 like Mac OS X) AppleWebKit/605.1.15 (KHTML, like Gecko) Version/12.0 Mobile/15E148 Safari/604.1"
58.32.252.234 - - [01/Apr/2019:11:00:46 +0800] "GET /static/media/refresh.e144c17d.jpg HTTP/1.1" 200 16166 "http://47.111.175.180/logo" "Mozilla/5.0 (Windows NT 10.0; Win64; x64) AppleWebKit/537.36 (KHTML, like Gecko) Chrome/73.0.3683.86 Safari/537.36"
58.32.252.234 - - [01/Apr/2019:11:13:18 +0800] "GET /logo HTTP/1.1" 200 2062 "-" "Mozilla/5.0 (Windows NT 10.0; Win64; x64) AppleWebKit/537.36 (KHTML, like Gecko) Chrome/73.0.3683.86 Safari/537.36"
58.32.252.234 - - [01/Apr/2019:11:13:18 +0800] "GET /static/css/main.dd672e3a.chunk.css HTTP/1.1" 200 1372 "http://47.111.175.180/logo" "Mozilla/5.0 (Windows NT 10.0; Win64; x64) AppleWebKit/537.36 (KHTML, like Gecko) Chrome/73.0.3683.86 Safari/537.36"
58.32.252.234 - - [01/Apr/2019:11:13:18 +0800] "GET /static/js/main.2fdcf2b8.chunk.js HTTP/1.1" 200 7545 "http://47.111.175.180/logo" "Mozilla/5.0 (Windows NT 10.0; Win64; x64) AppleWebKit/537.36 (KHTML, like Gecko) Chrome/73.0.3683.86 Safari/537.36"
58.32.252.234 - - [01/Apr/2019:11:13:18 +0800] "GET /static/css/main.dd672e3a.chunk.css.map HTTP/1.1" 200 5113 "-" "Mozilla/5.0 (Windows NT 10.0; Win64; x64) AppleWebKit/537.36 (KHTML, like Gecko) Chrome/73.0.3683.86 Safari/537.36"
58.32.252.234 - - [01/Apr/2019:11:13:24 +0800] "GET /static/js/2.f12f2547.chunk.js HTTP/1.1" 200 949471 "http://47.111.175.180/logo" "Mozilla/5.0 (Windows NT 10.0; Win64; x64) AppleWebKit/537.36 (KHTML, like Gecko) Chrome/73.0.3683.86 Safari/537.36"
58.32.252.234 - - [01/Apr/2019:11:13:25 +0800] "GET /static/js/main.2fdcf2b8.chunk.js.map HTTP/1.1" 200 17518 "-" "Mozilla/5.0 (Windows NT 10.0; Win64; x64) AppleWebKit/537.36 (KHTML, like Gecko) Chrome/73.0.3683.86 Safari/537.36"
58.32.252.234 - - [01/Apr/2019:11:13:25 +0800] "GET /static/media/ng-scope.5a9adad6.jpg HTTP/1.1" 200 40648 "http://47.111.175.180/logo" "Mozilla/5.0 (Windows NT 10.0; Win64; x64) AppleWebKit/537.36 (KHTML, like Gecko) Chrome/73.0.3683.86 Safari/537.36"
58.32.252.234 - - [01/Apr/2019:11:13:41 +0800] "GET /static/js/2.f12f2547.chunk.js.map HTTP/1.1" 200 2265251 "-" "Mozilla/5.0 (Windows NT 10.0; Win64; x64) AppleWebKit/537.36 (KHTML, like Gecko) Chrome/73.0.3683.86 Safari/537.36"
101.132.98.159 - - [01/Apr/2019:11:14:29 +0800] "GET /video HTTP/1.1" 200 2062 "-" "Mozilla/5.0 (X11; Ubuntu; Linux x86_64; rv:36.0) Gecko/20100101 Firefox/36.0"
223.104.213.10 - - [01/Apr/2019:11:15:10 +0800] "GET /static/media/refresh.e144c17d.jpg HTTP/1.1" 200 16166 "http://47.111.175.180/logo" "Mozilla/5.0 (iPhone; CPU iPhone OS 12_1_4 like Mac OS X) AppleWebKit/605.1.15 (KHTML, like Gecko) Version/12.0 Mobile/15E148 Safari/604.1"
223.104.213.10 - - [01/Apr/2019:11:15:30 +0800] "GET /logo HTTP/1.1" 200 2062 "-" "Mozilla/5.0 (iPhone; CPU iPhone OS 12_1_4 like Mac OS X) AppleWebKit/605.1.15 (KHTML, like Gecko) Version/12.0 Mobile/15E148 Safari/604.1"
223.104.213.10 - - [01/Apr/2019:11:15:30 +0800] "GET /static/css/main.dd672e3a.chunk.css HTTP/1.1" 200 1372 "http://47.111.175.180/logo" "Mozilla/5.0 (iPhone; CPU iPhone OS 12_1_4 like Mac OS X) AppleWebKit/605.1.15 (KHTML, like Gecko) Version/12.0 Mobile/15E148 Safari/604.1"
223.104.213.10 - - [01/Apr/2019:11:15:30 +0800] "GET /static/js/main.2fdcf2b8.chunk.js HTTP/1.1" 200 7545 "http://47.111.175.180/logo" "Mozilla/5.0 (iPhone; CPU iPhone OS 12_1_4 like Mac OS X) AppleWebKit/605.1.15 (KHTML, like Gecko) Version/12.0 Mobile/15E148 Safari/604.1"
223.104.213.10 - - [01/Apr/2019:11:15:35 +0800] "GET /static/js/2.f12f2547.chunk.js HTTP/1.1" 200 949471 "http://47.111.175.180/logo" "Mozilla/5.0 (iPhone; CPU iPhone OS 12_1_4 like Mac OS X) AppleWebKit/605.1.15 (KHTML, like Gecko) Version/12.0 Mobile/15E148 Safari/604.1"
223.104.213.10 - - [01/Apr/2019:11:15:37 +0800] "GET /static/media/ng-scope.5a9adad6.jpg HTTP/1.1" 200 40648 "http://47.111.175.180/logo" "Mozilla/5.0 (iPhone; CPU iPhone OS 12_1_4 like Mac OS X) AppleWebKit/605.1.15 (KHTML, like Gecko) Version/12.0 Mobile/15E148 Safari/604.1"
223.104.213.10 - - [01/Apr/2019:11:15:53 +0800] "GET /logo HTTP/1.1" 200 2062 "-" "Mozilla/5.0 (iPhone; CPU iPhone OS 12_1_4 like Mac OS X) AppleWebKit/605.1.15 (KHTML, like Gecko) Version/12.0 Mobile/15E148 Safari/604.1"
223.104.213.10 - - [01/Apr/2019:11:15:53 +0800] "GET /static/css/main.dd672e3a.chunk.css HTTP/1.1" 304 0 "http://47.111.175.180/logo" "Mozilla/5.0 (iPhone; CPU iPhone OS 12_1_4 like Mac OS X) AppleWebKit/605.1.15 (KHTML, like Gecko) Version/12.0 Mobile/15E148 Safari/604.1"
223.104.213.10 - - [01/Apr/2019:11:15:54 +0800] "GET /static/js/2.f12f2547.chunk.js HTTP/1.1" 304 0 "http://47.111.175.180/logo" "Mozilla/5.0 (iPhone; CPU iPhone OS 12_1_4 like Mac OS X) AppleWebKit/605.1.15 (KHTML, like Gecko) Version/12.0 Mobile/15E148 Safari/604.1"
223.104.213.10 - - [01/Apr/2019:11:15:54 +0800] "GET /static/js/main.2fdcf2b8.chunk.js HTTP/1.1" 304 0 "http://47.111.175.180/logo" "Mozilla/5.0 (iPhone; CPU iPhone OS 12_1_4 like Mac OS X) AppleWebKit/605.1.15 (KHTML, like Gecko) Version/12.0 Mobile/15E148 Safari/604.1"
223.104.213.10 - - [01/Apr/2019:11:15:54 +0800] "GET /static/media/ng-scope.5a9adad6.jpg HTTP/1.1" 304 0 "http://47.111.175.180/logo" "Mozilla/5.0 (iPhone; CPU iPhone OS 12_1_4 like Mac OS X) AppleWebKit/605.1.15 (KHTML, like Gecko) Version/12.0 Mobile/15E148 Safari/604.1"
58.32.252.234 - - [01/Apr/2019:11:16:45 +0800] "GET /static/media/refresh.e144c17d.jpg HTTP/1.1" 200 16166 "http://47.111.175.180/logo" "Mozilla/5.0 (Windows NT 10.0; Win64; x64) AppleWebKit/537.36 (KHTML, like Gecko) Chrome/73.0.3683.86 Safari/537.36"
66.240.205.34 - - [01/Apr/2019:11:18:31 +0800] "H\x00\x00\x00tj\xA8\x9E#D\x98+\xCA\xF0\xA7\xBBl\xC5\x19\xD7\x8D\xB6\x18\xEDJ\x1En\xC1\xF9xu[l\xF0E\x1D-j\xEC\xD4xL\xC9r\xC9\x15\x10u\xE0%\x86Rtg\x05fv\x86]%\xCC\x80\x0C\xE8\xCF\xAE\x00\xB5\xC0f\xC8\x8DD\xC5\x09\xF4" 400 173 "-" "-"
138.204.132.170 - - [01/Apr/2019:11:20:38 +0800] "GET / HTTP/1.1" 200 2062 "-" "Mozilla/5.0 (Windows NT 6.1; WOW64) AppleWebKit/537.36 (KHTML, like Gecko) Chrome/52.0.2743.116 Safari/537.36"
223.104.213.10 - - [01/Apr/2019:11:20:42 +0800] "GET /logo HTTP/1.1" 200 2062 "-" "Mozilla/5.0 (iPhone; CPU iPhone OS 12_1_4 like Mac OS X) AppleWebKit/605.1.15 (KHTML, like Gecko) Version/12.0 Mobile/15E148 Safari/604.1"
223.104.213.10 - - [01/Apr/2019:11:20:42 +0800] "GET /static/css/main.dd672e3a.chunk.css HTTP/1.1" 304 0 "http://47.111.175.180/logo" "Mozilla/5.0 (iPhone; CPU iPhone OS 12_1_4 like Mac OS X) AppleWebKit/605.1.15 (KHTML, like Gecko) Version/12.0 Mobile/15E148 Safari/604.1"
223.104.213.10 - - [01/Apr/2019:11:20:42 +0800] "GET /static/js/main.2fdcf2b8.chunk.js HTTP/1.1" 304 0 "http://47.111.175.180/logo" "Mozilla/5.0 (iPhone; CPU iPhone OS 12_1_4 like Mac OS X) AppleWebKit/605.1.15 (KHTML, like Gecko) Version/12.0 Mobile/15E148 Safari/604.1"
223.104.213.10 - - [01/Apr/2019:11:20:42 +0800] "GET /static/js/2.f12f2547.chunk.js HTTP/1.1" 304 0 "http://47.111.175.180/logo" "Mozilla/5.0 (iPhone; CPU iPhone OS 12_1_4 like Mac OS X) AppleWebKit/605.1.15 (KHTML, like Gecko) Version/12.0 Mobile/15E148 Safari/604.1"
223.104.213.10 - - [01/Apr/2019:11:20:42 +0800] "GET /static/media/ng-scope.5a9adad6.jpg HTTP/1.1" 304 0 "http://47.111.175.180/logo" "Mozilla/5.0 (iPhone; CPU iPhone OS 12_1_4 like Mac OS X) AppleWebKit/605.1.15 (KHTML, like Gecko) Version/12.0 Mobile/15E148 Safari/604.1"
223.104.213.10 - - [01/Apr/2019:11:26:02 +0800] "GET /logo HTTP/1.1" 200 2062 "-" "Mozilla/5.0 (iPhone; CPU iPhone OS 12_1_4 like Mac OS X) AppleWebKit/605.1.15 (KHTML, like Gecko) Version/12.0 Mobile/15E148 Safari/604.1"
223.104.213.10 - - [01/Apr/2019:11:26:02 +0800] "GET /static/css/main.dd672e3a.chunk.css HTTP/1.1" 304 0 "http://47.111.175.180/logo" "Mozilla/5.0 (iPhone; CPU iPhone OS 12_1_4 like Mac OS X) AppleWebKit/605.1.15 (KHTML, like Gecko) Version/12.0 Mobile/15E148 Safari/604.1"
223.104.213.10 - - [01/Apr/2019:11:26:02 +0800] "GET /static/js/main.2fdcf2b8.chunk.js HTTP/1.1" 304 0 "http://47.111.175.180/logo" "Mozilla/5.0 (iPhone; CPU iPhone OS 12_1_4 like Mac OS X) AppleWebKit/605.1.15 (KHTML, like Gecko) Version/12.0 Mobile/15E148 Safari/604.1"
223.104.213.10 - - [01/Apr/2019:11:26:02 +0800] "GET /static/js/2.f12f2547.chunk.js HTTP/1.1" 304 0 "http://47.111.175.180/logo" "Mozilla/5.0 (iPhone; CPU iPhone OS 12_1_4 like Mac OS X) AppleWebKit/605.1.15 (KHTML, like Gecko) Version/12.0 Mobile/15E148 Safari/604.1"
223.104.213.10 - - [01/Apr/2019:11:26:02 +0800] "GET /static/media/ng-scope.5a9adad6.jpg HTTP/1.1" 304 0 "http://47.111.175.180/logo" "Mozilla/5.0 (iPhone; CPU iPhone OS 12_1_4 like Mac OS X) AppleWebKit/605.1.15 (KHTML, like Gecko) Version/12.0 Mobile/15E148 Safari/604.1"
223.104.213.10 - - [01/Apr/2019:11:27:41 +0800] "GET /logo HTTP/1.1" 200 2062 "-" "Mozilla/5.0 (iPhone; CPU iPhone OS 12_1_4 like Mac OS X) AppleWebKit/605.1.15 (KHTML, like Gecko) Version/12.0 Mobile/15E148 Safari/604.1"
223.104.213.10 - - [01/Apr/2019:11:27:41 +0800] "GET /static/js/main.2fdcf2b8.chunk.js HTTP/1.1" 304 0 "http://47.111.175.180/logo" "Mozilla/5.0 (iPhone; CPU iPhone OS 12_1_4 like Mac OS X) AppleWebKit/605.1.15 (KHTML, like Gecko) Version/12.0 Mobile/15E148 Safari/604.1"
223.104.213.10 - - [01/Apr/2019:11:27:42 +0800] "GET /static/js/2.f12f2547.chunk.js HTTP/1.1" 304 0 "http://47.111.175.180/logo" "Mozilla/5.0 (iPhone; CPU iPhone OS 12_1_4 like Mac OS X) AppleWebKit/605.1.15 (KHTML, like Gecko) Version/12.0 Mobile/15E148 Safari/604.1"
223.104.213.10 - - [01/Apr/2019:11:27:42 +0800] "GET /static/css/main.dd672e3a.chunk.css HTTP/1.1" 304 0 "http://47.111.175.180/logo" "Mozilla/5.0 (iPhone; CPU iPhone OS 12_1_4 like Mac OS X) AppleWebKit/605.1.15 (KHTML, like Gecko) Version/12.0 Mobile/15E148 Safari/604.1"
223.104.213.10 - - [01/Apr/2019:11:27:42 +0800] "GET /static/media/ng-scope.5a9adad6.jpg HTTP/1.1" 304 0 "http://47.111.175.180/logo" "Mozilla/5.0 (iPhone; CPU iPhone OS 12_1_4 like Mac OS X) AppleWebKit/605.1.15 (KHTML, like Gecko) Version/12.0 Mobile/15E148 Safari/604.1"
223.104.213.10 - - [01/Apr/2019:11:27:55 +0800] "GET /logo HTTP/1.1" 200 2062 "-" "Mozilla/5.0 (iPhone; CPU iPhone OS 12_1_4 like Mac OS X) AppleWebKit/605.1.15 (KHTML, like Gecko) Version/12.0 Mobile/15E148 Safari/604.1"
223.104.213.10 - - [01/Apr/2019:11:29:27 +0800] "GET /logo HTTP/1.1" 200 2062 "-" "Mozilla/5.0 (iPhone; CPU iPhone OS 12_1_4 like Mac OS X) AppleWebKit/605.1.15 (KHTML, like Gecko) Version/12.0 Mobile/15E148 Safari/604.1"
223.104.213.10 - - [01/Apr/2019:11:29:27 +0800] "GET /static/css/main.dd672e3a.chunk.css HTTP/1.1" 304 0 "http://47.111.175.180/logo" "Mozilla/5.0 (iPhone; CPU iPhone OS 12_1_4 like Mac OS X) AppleWebKit/605.1.15 (KHTML, like Gecko) Version/12.0 Mobile/15E148 Safari/604.1"
223.104.213.10 - - [01/Apr/2019:11:29:27 +0800] "GET /static/js/main.2fdcf2b8.chunk.js HTTP/1.1" 304 0 "http://47.111.175.180/logo" "Mozilla/5.0 (iPhone; CPU iPhone OS 12_1_4 like Mac OS X) AppleWebKit/605.1.15 (KHTML, like Gecko) Version/12.0 Mobile/15E148 Safari/604.1"
223.104.213.10 - - [01/Apr/2019:11:29:27 +0800] "GET /static/js/2.f12f2547.chunk.js HTTP/1.1" 304 0 "http://47.111.175.180/logo" "Mozilla/5.0 (iPhone; CPU iPhone OS 12_1_4 like Mac OS X) AppleWebKit/605.1.15 (KHTML, like Gecko) Version/12.0 Mobile/15E148 Safari/604.1"
223.104.213.10 - - [01/Apr/2019:11:29:27 +0800] "GET /static/media/ng-scope.5a9adad6.jpg HTTP/1.1" 304 0 "http://47.111.175.180/logo" "Mozilla/5.0 (iPhone; CPU iPhone OS 12_1_4 like Mac OS X) AppleWebKit/605.1.15 (KHTML, like Gecko) Version/12.0 Mobile/15E148 Safari/604.1"
223.104.213.10 - - [01/Apr/2019:11:29:29 +0800] "GET /logo HTTP/1.1" 200 2062 "-" "Mozilla/5.0 (iPhone; CPU iPhone OS 12_1_4 like Mac OS X) AppleWebKit/605.1.15 (KHTML, like Gecko) Version/12.0 Mobile/15E148 Safari/604.1"
223.104.213.10 - - [01/Apr/2019:11:29:35 +0800] "GET /logo HTTP/1.1" 200 2062 "-" "Mozilla/5.0 (iPhone; CPU iPhone OS 12_1_4 like Mac OS X) AppleWebKit/605.1.15 (KHTML, like Gecko) Version/12.0 Mobile/15E148 Safari/604.1"
223.104.213.10 - - [01/Apr/2019:11:29:41 +0800] "GET /logo HTTP/1.1" 200 2062 "-" "Mozilla/5.0 (iPhone; CPU iPhone OS 12_1_4 like Mac OS X) AppleWebKit/605.1.15 (KHTML, like Gecko) Version/12.0 Mobile/15E148 Safari/604.1"
223.104.213.10 - - [01/Apr/2019:11:30:06 +0800] "GET /logo HTTP/1.1" 200 2062 "-" "Mozilla/5.0 (iPhone; CPU iPhone OS 12_1_4 like Mac OS X) AppleWebKit/605.1.15 (KHTML, like Gecko) Version/12.0 Mobile/15E148 Safari/604.1"
58.32.252.234 - - [01/Apr/2019:11:30:35 +0800] "GET /logo HTTP/1.1" 200 2062 "-" "Mozilla/5.0 (Windows NT 10.0; Win64; x64) AppleWebKit/537.36 (KHTML, like Gecko) Chrome/73.0.3683.86 Safari/537.36"
58.32.252.234 - - [01/Apr/2019:11:30:35 +0800] "GET /static/css/main.dd672e3a.chunk.css HTTP/1.1" 200 1372 "http://47.111.175.180/logo" "Mozilla/5.0 (Windows NT 10.0; Win64; x64) AppleWebKit/537.36 (KHTML, like Gecko) Chrome/73.0.3683.86 Safari/537.36"
58.32.252.234 - - [01/Apr/2019:11:30:35 +0800] "GET /static/js/main.2fdcf2b8.chunk.js HTTP/1.1" 200 7545 "http://47.111.175.180/logo" "Mozilla/5.0 (Windows NT 10.0; Win64; x64) AppleWebKit/537.36 (KHTML, like Gecko) Chrome/73.0.3683.86 Safari/537.36"
58.32.252.234 - - [01/Apr/2019:11:30:35 +0800] "GET /static/css/main.dd672e3a.chunk.css.map HTTP/1.1" 200 5113 "-" "Mozilla/5.0 (Windows NT 10.0; Win64; x64) AppleWebKit/537.36 (KHTML, like Gecko) Chrome/73.0.3683.86 Safari/537.36"
58.32.252.234 - - [01/Apr/2019:11:30:40 +0800] "GET /static/js/2.f12f2547.chunk.js HTTP/1.1" 200 949471 "http://47.111.175.180/logo" "Mozilla/5.0 (Windows NT 10.0; Win64; x64) AppleWebKit/537.36 (KHTML, like Gecko) Chrome/73.0.3683.86 Safari/537.36"
58.32.252.234 - - [01/Apr/2019:11:30:41 +0800] "GET /static/media/ng-scope.5a9adad6.jpg HTTP/1.1" 200 40648 "http://47.111.175.180/logo" "Mozilla/5.0 (Windows NT 10.0; Win64; x64) AppleWebKit/537.36 (KHTML, like Gecko) Chrome/73.0.3683.86 Safari/537.36"
58.32.252.234 - - [01/Apr/2019:11:30:41 +0800] "GET /static/js/main.2fdcf2b8.chunk.js.map HTTP/1.1" 200 17518 "-" "Mozilla/5.0 (Windows NT 10.0; Win64; x64) AppleWebKit/537.36 (KHTML, like Gecko) Chrome/73.0.3683.86 Safari/537.36"
58.32.252.234 - - [01/Apr/2019:11:30:57 +0800] "GET /static/js/2.f12f2547.chunk.js.map HTTP/1.1" 200 2265251 "-" "Mozilla/5.0 (Windows NT 10.0; Win64; x64) AppleWebKit/537.36 (KHTML, like Gecko) Chrome/73.0.3683.86 Safari/537.36"
223.104.213.10 - - [01/Apr/2019:11:31:29 +0800] "GET /logo HTTP/1.1" 200 2062 "-" "Mozilla/5.0 (iPhone; CPU iPhone OS 12_1_4 like Mac OS X) AppleWebKit/605.1.15 (KHTML, like Gecko) Version/12.0 Mobile/15E148 Safari/604.1"
223.104.213.10 - - [01/Apr/2019:11:31:30 +0800] "GET /static/css/main.dd672e3a.chunk.css HTTP/1.1" 304 0 "http://47.111.175.180/logo" "Mozilla/5.0 (iPhone; CPU iPhone OS 12_1_4 like Mac OS X) AppleWebKit/605.1.15 (KHTML, like Gecko) Version/12.0 Mobile/15E148 Safari/604.1"
223.104.213.10 - - [01/Apr/2019:11:31:30 +0800] "GET /static/js/2.f12f2547.chunk.js HTTP/1.1" 304 0 "http://47.111.175.180/logo" "Mozilla/5.0 (iPhone; CPU iPhone OS 12_1_4 like Mac OS X) AppleWebKit/605.1.15 (KHTML, like Gecko) Version/12.0 Mobile/15E148 Safari/604.1"
223.104.213.10 - - [01/Apr/2019:11:31:30 +0800] "GET /static/js/main.2fdcf2b8.chunk.js HTTP/1.1" 304 0 "http://47.111.175.180/logo" "Mozilla/5.0 (iPhone; CPU iPhone OS 12_1_4 like Mac OS X) AppleWebKit/605.1.15 (KHTML, like Gecko) Version/12.0 Mobile/15E148 Safari/604.1"
223.104.213.10 - - [01/Apr/2019:11:31:30 +0800] "GET /static/media/ng-scope.5a9adad6.jpg HTTP/1.1" 304 0 "http://47.111.175.180/logo" "Mozilla/5.0 (iPhone; CPU iPhone OS 12_1_4 like Mac OS X) AppleWebKit/605.1.15 (KHTML, like Gecko) Version/12.0 Mobile/15E148 Safari/604.1"
58.32.252.234 - - [01/Apr/2019:11:34:01 +0800] "GET /static/media/refresh.e144c17d.jpg HTTP/1.1" 200 16166 "http://47.111.175.180/logo" "Mozilla/5.0 (Windows NT 10.0; Win64; x64) AppleWebKit/537.36 (KHTML, like Gecko) Chrome/73.0.3683.86 Safari/537.36"
223.104.213.10 - - [01/Apr/2019:11:36:46 +0800] "GET /logo HTTP/1.1" 200 2062 "-" "Mozilla/5.0 (iPhone; CPU iPhone OS 12_1_4 like Mac OS X) AppleWebKit/605.1.15 (KHTML, like Gecko) Version/12.0 Mobile/15E148 Safari/604.1"
223.104.213.10 - - [01/Apr/2019:11:36:46 +0800] "GET /static/css/main.dd672e3a.chunk.css HTTP/1.1" 304 0 "http://47.111.175.180/logo" "Mozilla/5.0 (iPhone; CPU iPhone OS 12_1_4 like Mac OS X) AppleWebKit/605.1.15 (KHTML, like Gecko) Version/12.0 Mobile/15E148 Safari/604.1"
223.104.213.10 - - [01/Apr/2019:11:36:46 +0800] "GET /static/js/main.2fdcf2b8.chunk.js HTTP/1.1" 304 0 "http://47.111.175.180/logo" "Mozilla/5.0 (iPhone; CPU iPhone OS 12_1_4 like Mac OS X) AppleWebKit/605.1.15 (KHTML, like Gecko) Version/12.0 Mobile/15E148 Safari/604.1"
223.104.213.10 - - [01/Apr/2019:11:36:46 +0800] "GET /static/js/2.f12f2547.chunk.js HTTP/1.1" 304 0 "http://47.111.175.180/logo" "Mozilla/5.0 (iPhone; CPU iPhone OS 12_1_4 like Mac OS X) AppleWebKit/605.1.15 (KHTML, like Gecko) Version/12.0 Mobile/15E148 Safari/604.1"
223.104.213.10 - - [01/Apr/2019:11:36:46 +0800] "GET /static/media/ng-scope.5a9adad6.jpg HTTP/1.1" 304 0 "http://47.111.175.180/logo" "Mozilla/5.0 (iPhone; CPU iPhone OS 12_1_4 like Mac OS X) AppleWebKit/605.1.15 (KHTML, like Gecko) Version/12.0 Mobile/15E148 Safari/604.1"
223.104.213.10 - - [01/Apr/2019:11:38:07 +0800] "GET /logo HTTP/1.1" 200 2062 "-" "Mozilla/5.0 (iPhone; CPU iPhone OS 12_1_4 like Mac OS X) AppleWebKit/605.1.15 (KHTML, like Gecko) Version/12.0 Mobile/15E148 Safari/604.1"
58.32.252.234 - - [01/Apr/2019:11:44:51 +0800] "GET /logo HTTP/1.1" 200 2062 "-" "Mozilla/5.0 (Windows NT 10.0; Win64; x64) AppleWebKit/537.36 (KHTML, like Gecko) Chrome/73.0.3683.86 Safari/537.36"
58.32.252.234 - - [01/Apr/2019:11:44:51 +0800] "GET /static/css/main.dd672e3a.chunk.css HTTP/1.1" 200 1372 "http://47.111.175.180/logo" "Mozilla/5.0 (Windows NT 10.0; Win64; x64) AppleWebKit/537.36 (KHTML, like Gecko) Chrome/73.0.3683.86 Safari/537.36"
58.32.252.234 - - [01/Apr/2019:11:44:51 +0800] "GET /static/js/main.2fdcf2b8.chunk.js HTTP/1.1" 200 7545 "http://47.111.175.180/logo" "Mozilla/5.0 (Windows NT 10.0; Win64; x64) AppleWebKit/537.36 (KHTML, like Gecko) Chrome/73.0.3683.86 Safari/537.36"
58.32.252.234 - - [01/Apr/2019:11:44:51 +0800] "GET /static/css/main.dd672e3a.chunk.css.map HTTP/1.1" 200 5113 "-" "Mozilla/5.0 (Windows NT 10.0; Win64; x64) AppleWebKit/537.36 (KHTML, like Gecko) Chrome/73.0.3683.86 Safari/537.36"
58.32.252.234 - - [01/Apr/2019:11:44:56 +0800] "GET /static/js/2.f12f2547.chunk.js HTTP/1.1" 200 949471 "http://47.111.175.180/logo" "Mozilla/5.0 (Windows NT 10.0; Win64; x64) AppleWebKit/537.36 (KHTML, like Gecko) Chrome/73.0.3683.86 Safari/537.36"
58.32.252.234 - - [01/Apr/2019:11:44:57 +0800] "GET /static/media/ng-scope.5a9adad6.jpg HTTP/1.1" 200 40648 "http://47.111.175.180/logo" "Mozilla/5.0 (Windows NT 10.0; Win64; x64) AppleWebKit/537.36 (KHTML, like Gecko) Chrome/73.0.3683.86 Safari/537.36"
58.32.252.234 - - [01/Apr/2019:11:44:57 +0800] "GET /static/js/main.2fdcf2b8.chunk.js.map HTTP/1.1" 200 17518 "-" "Mozilla/5.0 (Windows NT 10.0; Win64; x64) AppleWebKit/537.36 (KHTML, like Gecko) Chrome/73.0.3683.86 Safari/537.36"
58.32.252.234 - - [01/Apr/2019:11:45:13 +0800] "GET /static/js/2.f12f2547.chunk.js.map HTTP/1.1" 200 2265251 "-" "Mozilla/5.0 (Windows NT 10.0; Win64; x64) AppleWebKit/537.36 (KHTML, like Gecko) Chrome/73.0.3683.86 Safari/537.36"
58.32.252.234 - - [01/Apr/2019:11:48:18 +0800] "GET /static/media/refresh.e144c17d.jpg HTTP/1.1" 200 16166 "http://47.111.175.180/logo" "Mozilla/5.0 (Windows NT 10.0; Win64; x64) AppleWebKit/537.36 (KHTML, like Gecko) Chrome/73.0.3683.86 Safari/537.36"
58.32.252.234 - - [01/Apr/2019:11:50:04 +0800] "GET /logo HTTP/1.1" 200 2062 "-" "Mozilla/5.0 (Windows NT 10.0; Win64; x64) AppleWebKit/537.36 (KHTML, like Gecko) Chrome/73.0.3683.86 Safari/537.36"
58.32.252.234 - - [01/Apr/2019:11:50:04 +0800] "GET /static/css/main.dd672e3a.chunk.css HTTP/1.1" 200 1372 "http://47.111.175.180/logo" "Mozilla/5.0 (Windows NT 10.0; Win64; x64) AppleWebKit/537.36 (KHTML, like Gecko) Chrome/73.0.3683.86 Safari/537.36"
58.32.252.234 - - [01/Apr/2019:11:50:04 +0800] "GET /static/js/main.b00495d2.chunk.js HTTP/1.1" 200 7609 "http://47.111.175.180/logo" "Mozilla/5.0 (Windows NT 10.0; Win64; x64) AppleWebKit/537.36 (KHTML, like Gecko) Chrome/73.0.3683.86 Safari/537.36"
58.32.252.234 - - [01/Apr/2019:11:50:04 +0800] "GET /static/css/main.dd672e3a.chunk.css.map HTTP/1.1" 200 5113 "-" "Mozilla/5.0 (Windows NT 10.0; Win64; x64) AppleWebKit/537.36 (KHTML, like Gecko) Chrome/73.0.3683.86 Safari/537.36"
58.32.252.234 - - [01/Apr/2019:11:50:10 +0800] "GET /static/js/2.e6fdaf89.chunk.js HTTP/1.1" 200 1036162 "http://47.111.175.180/logo" "Mozilla/5.0 (Windows NT 10.0; Win64; x64) AppleWebKit/537.36 (KHTML, like Gecko) Chrome/73.0.3683.86 Safari/537.36"
58.32.252.234 - - [01/Apr/2019:11:50:11 +0800] "GET /static/media/ng-scope.5a9adad6.jpg HTTP/1.1" 200 40648 "http://47.111.175.180/logo" "Mozilla/5.0 (Windows NT 10.0; Win64; x64) AppleWebKit/537.36 (KHTML, like Gecko) Chrome/73.0.3683.86 Safari/537.36"
58.32.252.234 - - [01/Apr/2019:11:50:11 +0800] "GET /static/js/main.b00495d2.chunk.js.map HTTP/1.1" 200 17743 "-" "Mozilla/5.0 (Windows NT 10.0; Win64; x64) AppleWebKit/537.36 (KHTML, like Gecko) Chrome/73.0.3683.86 Safari/537.36"
58.32.252.234 - - [01/Apr/2019:11:50:31 +0800] "GET /static/js/2.e6fdaf89.chunk.js.map HTTP/1.1" 200 2705083 "-" "Mozilla/5.0 (Windows NT 10.0; Win64; x64) AppleWebKit/537.36 (KHTML, like Gecko) Chrome/73.0.3683.86 Safari/537.36"
58.32.252.234 - - [01/Apr/2019:11:53:31 +0800] "GET /static/media/refresh.e144c17d.jpg HTTP/1.1" 200 16166 "http://47.111.175.180/logo" "Mozilla/5.0 (Windows NT 10.0; Win64; x64) AppleWebKit/537.36 (KHTML, like Gecko) Chrome/73.0.3683.86 Safari/537.36"
223.104.213.10 - - [01/Apr/2019:11:58:22 +0800] "GET /static/media/refresh.e144c17d.jpg HTTP/1.1" 200 16166 "http://47.111.175.180/logo" "Mozilla/5.0 (iPhone; CPU iPhone OS 12_1_4 like Mac OS X) AppleWebKit/605.1.15 (KHTML, like Gecko) Version/12.0 Mobile/15E148 Safari/604.1"
223.104.213.10 - - [01/Apr/2019:12:02:08 +0800] "GET /logo HTTP/1.1" 200 2062 "-" "Mozilla/5.0 (iPhone; CPU iPhone OS 12_1_4 like Mac OS X) AppleWebKit/605.1.15 (KHTML, like Gecko) Version/12.0 Mobile/15E148 Safari/604.1"
223.104.213.10 - - [01/Apr/2019:12:02:09 +0800] "GET /static/js/main.b00495d2.chunk.js HTTP/1.1" 200 7609 "http://47.111.175.180/logo" "Mozilla/5.0 (iPhone; CPU iPhone OS 12_1_4 like Mac OS X) AppleWebKit/605.1.15 (KHTML, like Gecko) Version/12.0 Mobile/15E148 Safari/604.1"
223.104.213.10 - - [01/Apr/2019:12:02:09 +0800] "GET /static/css/main.dd672e3a.chunk.css HTTP/1.1" 200 1372 "http://47.111.175.180/logo" "Mozilla/5.0 (iPhone; CPU iPhone OS 12_1_4 like Mac OS X) AppleWebKit/605.1.15 (KHTML, like Gecko) Version/12.0 Mobile/15E148 Safari/604.1"
223.104.213.10 - - [01/Apr/2019:12:02:14 +0800] "GET /static/js/2.e6fdaf89.chunk.js HTTP/1.1" 200 1036162 "http://47.111.175.180/logo" "Mozilla/5.0 (iPhone; CPU iPhone OS 12_1_4 like Mac OS X) AppleWebKit/605.1.15 (KHTML, like Gecko) Version/12.0 Mobile/15E148 Safari/604.1"
223.104.213.10 - - [01/Apr/2019:12:02:16 +0800] "GET /static/media/ng-scope.5a9adad6.jpg HTTP/1.1" 200 40648 "http://47.111.175.180/logo" "Mozilla/5.0 (iPhone; CPU iPhone OS 12_1_4 like Mac OS X) AppleWebKit/605.1.15 (KHTML, like Gecko) Version/12.0 Mobile/15E148 Safari/604.1"
223.104.213.10 - - [01/Apr/2019:12:02:19 +0800] "GET /logo HTTP/1.1" 200 2062 "-" "Mozilla/5.0 (iPhone; CPU iPhone OS 12_1_4 like Mac OS X) AppleWebKit/605.1.15 (KHTML, like Gecko) Version/12.0 Mobile/15E148 Safari/604.1"
223.104.213.10 - - [01/Apr/2019:12:02:22 +0800] "GET /logo HTTP/1.1" 200 2062 "-" "Mozilla/5.0 (iPhone; CPU iPhone OS 12_1_4 like Mac OS X) AppleWebKit/605.1.15 (KHTML, like Gecko) Version/12.0 Mobile/15E148 Safari/604.1"
223.104.211.199 - - [01/Apr/2019:12:02:50 +0800] "GET /logo?nsukey=0gw54xr6XdsyAOAppG1VFbQhwTjtFVzxedhOSr0%2BlOFTh9xlypsVYG%2FAKdKXRrjlaiLVbWqQxY3fzqlk7lFKhf3IoQ32mcSexzgOorsGCnvylljkV1R57%2B1Oy60R5eB3eNK3iSj7eNVkfAGZkdfK1Mwxz1LDwNKrU6NJszAMByu%2Bcr8hzmvDhhcA4KqwPIKvbgtn%2BsLfasVmFB9CMqItmA%3D%3D HTTP/1.1" 200 2062 "-" "Mozilla/5.0 (iPhone; CPU iPhone OS 12_0 like Mac OS X) AppleWebKit/605.1.15 (KHTML, like Gecko) Mobile/16A366 MicroMessenger/7.0.3(0x17000321) NetType/4G Language/zh_CN"
223.104.211.199 - - [01/Apr/2019:12:02:50 +0800] "GET /static/js/main.b00495d2.chunk.js HTTP/1.1" 200 7609 "http://47.111.175.180/logo?nsukey=0gw54xr6XdsyAOAppG1VFbQhwTjtFVzxedhOSr0%2BlOFTh9xlypsVYG%2FAKdKXRrjlaiLVbWqQxY3fzqlk7lFKhf3IoQ32mcSexzgOorsGCnvylljkV1R57%2B1Oy60R5eB3eNK3iSj7eNVkfAGZkdfK1Mwxz1LDwNKrU6NJszAMByu%2Bcr8hzmvDhhcA4KqwPIKvbgtn%2BsLfasVmFB9CMqItmA%3D%3D" "Mozilla/5.0 (iPhone; CPU iPhone OS 12_0 like Mac OS X) AppleWebKit/605.1.15 (KHTML, like Gecko) Mobile/16A366 MicroMessenger/7.0.3(0x17000321) NetType/4G Language/zh_CN"
223.104.211.199 - - [01/Apr/2019:12:02:50 +0800] "GET /static/css/main.dd672e3a.chunk.css HTTP/1.1" 200 1372 "http://47.111.175.180/logo?nsukey=0gw54xr6XdsyAOAppG1VFbQhwTjtFVzxedhOSr0%2BlOFTh9xlypsVYG%2FAKdKXRrjlaiLVbWqQxY3fzqlk7lFKhf3IoQ32mcSexzgOorsGCnvylljkV1R57%2B1Oy60R5eB3eNK3iSj7eNVkfAGZkdfK1Mwxz1LDwNKrU6NJszAMByu%2Bcr8hzmvDhhcA4KqwPIKvbgtn%2BsLfasVmFB9CMqItmA%3D%3D" "Mozilla/5.0 (iPhone; CPU iPhone OS 12_0 like Mac OS X) AppleWebKit/605.1.15 (KHTML, like Gecko) Mobile/16A366 MicroMessenger/7.0.3(0x17000321) NetType/4G Language/zh_CN"
223.104.211.199 - - [01/Apr/2019:12:02:55 +0800] "GET /static/js/2.e6fdaf89.chunk.js HTTP/1.1" 200 1036162 "http://47.111.175.180/logo?nsukey=0gw54xr6XdsyAOAppG1VFbQhwTjtFVzxedhOSr0%2BlOFTh9xlypsVYG%2FAKdKXRrjlaiLVbWqQxY3fzqlk7lFKhf3IoQ32mcSexzgOorsGCnvylljkV1R57%2B1Oy60R5eB3eNK3iSj7eNVkfAGZkdfK1Mwxz1LDwNKrU6NJszAMByu%2Bcr8hzmvDhhcA4KqwPIKvbgtn%2BsLfasVmFB9CMqItmA%3D%3D" "Mozilla/5.0 (iPhone; CPU iPhone OS 12_0 like Mac OS X) AppleWebKit/605.1.15 (KHTML, like Gecko) Mobile/16A366 MicroMessenger/7.0.3(0x17000321) NetType/4G Language/zh_CN"
223.104.213.10 - - [01/Apr/2019:12:02:57 +0800] "GET /logo HTTP/1.1" 200 2062 "-" "Mozilla/5.0 (iPhone; CPU iPhone OS 12_1_4 like Mac OS X) AppleWebKit/605.1.15 (KHTML, like Gecko) Version/12.0 Mobile/15E148 Safari/604.1"
223.104.211.199 - - [01/Apr/2019:12:02:57 +0800] "GET /static/media/ng-scope.5a9adad6.jpg HTTP/1.1" 200 40648 "http://47.111.175.180/logo?nsukey=0gw54xr6XdsyAOAppG1VFbQhwTjtFVzxedhOSr0%2BlOFTh9xlypsVYG%2FAKdKXRrjlaiLVbWqQxY3fzqlk7lFKhf3IoQ32mcSexzgOorsGCnvylljkV1R57%2B1Oy60R5eB3eNK3iSj7eNVkfAGZkdfK1Mwxz1LDwNKrU6NJszAMByu%2Bcr8hzmvDhhcA4KqwPIKvbgtn%2BsLfasVmFB9CMqItmA%3D%3D" "Mozilla/5.0 (iPhone; CPU iPhone OS 12_0 like Mac OS X) AppleWebKit/605.1.15 (KHTML, like Gecko) Mobile/16A366 MicroMessenger/7.0.3(0x17000321) NetType/4G Language/zh_CN"
223.104.213.10 - - [01/Apr/2019:12:03:03 +0800] "GET /logo HTTP/1.1" 200 2062 "-" "Mozilla/5.0 (iPhone; CPU iPhone OS 12_1_4 like Mac OS X) AppleWebKit/605.1.15 (KHTML, like Gecko) Version/12.0 Mobile/15E148 Safari/604.1"
101.89.19.197 - - [01/Apr/2019:12:03:50 +0800] "GET /logo?nsukey=0gw54xr6XdsyAOAppG1VFbQhwTjtFVzxedhOSr0%2BlOFTh9xlypsVYG%2FAKdKXRrjlaiLVbWqQxY3fzqlk7lFKhf3IoQ32mcSexzgOorsGCnvylljkV1R57%2B1Oy60R5eB3eNK3iSj7eNVkfAGZkdfK1Mwxz1LDwNKrU6NJszAMByu%2Bcr8hzmvDhhcA4KqwPIKvbgtn%2BsLfasVmFB9CMqItmA%3D%3D HTTP/1.1" 200 2062 "-" "Mozilla/5.0 (iPhone; CPU iPhone OS 10_2_1 like Mac OS X) AppleWebKit/602.4.6 (KHTML, like Gecko) Mobile/14D27 MicroMessenger/6.5.5 NetType/WIFI Language/zh_CN"
101.89.19.197 - - [01/Apr/2019:12:03:51 +0800] "GET /static/js/2.e6fdaf89.chunk.js HTTP/1.1" 200 262144 "http://47.111.175.180/logo?nsukey=0gw54xr6XdsyAOAppG1VFbQhwTjtFVzxedhOSr0%2BlOFTh9xlypsVYG%2FAKdKXRrjlaiLVbWqQxY3fzqlk7lFKhf3IoQ32mcSexzgOorsGCnvylljkV1R57%2B1Oy60R5eB3eNK3iSj7eNVkfAGZkdfK1Mwxz1LDwNKrU6NJszAMByu%2Bcr8hzmvDhhcA4KqwPIKvbgtn%2BsLfasVmFB9CMqItmA%3D%3D" "Mozilla/5.0 (Linux; Android 4.4.4; Coolpad Y82-520 Build/KTU84P) AppleWebKit/537.36 (KHTML, like Gecko) Version/4.0 Chrome/33.0.0.0 Mobile Safari/537.36 MicroMessenger/6.5.4.1000 NetType/4G Language/zh_CN"
101.89.19.197 - - [01/Apr/2019:12:03:51 +0800] "GET /static/js/main.b00495d2.chunk.js HTTP/1.1" 200 7609 "http://47.111.175.180/logo?nsukey=0gw54xr6XdsyAOAppG1VFbQhwTjtFVzxedhOSr0%2BlOFTh9xlypsVYG%2FAKdKXRrjlaiLVbWqQxY3fzqlk7lFKhf3IoQ32mcSexzgOorsGCnvylljkV1R57%2B1Oy60R5eB3eNK3iSj7eNVkfAGZkdfK1Mwxz1LDwNKrU6NJszAMByu%2Bcr8hzmvDhhcA4KqwPIKvbgtn%2BsLfasVmFB9CMqItmA%3D%3D" "Mozilla/5.0 (Linux; Android 4.4.4; HUAWEI ALE-CL00 Build/HuaweiALE-CL00; wv) AppleWebKit/537.36 (KHTML, like Gecko) Version/4.0 Chrome/53.0.2785.49 Mobile MQQBrowser/6.2 TBS/043024 Safari/537.36 MicroMessenger/6.5.4.1000 NetType/4G Language/zh_CN"
223.104.213.10 - - [01/Apr/2019:12:04:03 +0800] "GET /logo HTTP/1.1" 200 2062 "-" "Mozilla/5.0 (iPhone; CPU iPhone OS 12_1_4 like Mac OS X) AppleWebKit/605.1.15 (KHTML, like Gecko) Version/12.0 Mobile/15E148 Safari/604.1"
223.104.213.10 - - [01/Apr/2019:12:04:04 +0800] "GET /static/css/main.dd672e3a.chunk.css HTTP/1.1" 304 0 "http://47.111.175.180/logo" "Mozilla/5.0 (iPhone; CPU iPhone OS 12_1_4 like Mac OS X) AppleWebKit/605.1.15 (KHTML, like Gecko) Version/12.0 Mobile/15E148 Safari/604.1"
223.104.213.10 - - [01/Apr/2019:12:04:04 +0800] "GET /static/js/main.b00495d2.chunk.js HTTP/1.1" 304 0 "http://47.111.175.180/logo" "Mozilla/5.0 (iPhone; CPU iPhone OS 12_1_4 like Mac OS X) AppleWebKit/605.1.15 (KHTML, like Gecko) Version/12.0 Mobile/15E148 Safari/604.1"
223.104.213.10 - - [01/Apr/2019:12:04:04 +0800] "GET /static/js/2.e6fdaf89.chunk.js HTTP/1.1" 304 0 "http://47.111.175.180/logo" "Mozilla/5.0 (iPhone; CPU iPhone OS 12_1_4 like Mac OS X) AppleWebKit/605.1.15 (KHTML, like Gecko) Version/12.0 Mobile/15E148 Safari/604.1"
223.104.213.10 - - [01/Apr/2019:12:04:04 +0800] "GET /static/media/ng-scope.5a9adad6.jpg HTTP/1.1" 304 0 "http://47.111.175.180/logo" "Mozilla/5.0 (iPhone; CPU iPhone OS 12_1_4 like Mac OS X) AppleWebKit/605.1.15 (KHTML, like Gecko) Version/12.0 Mobile/15E148 Safari/604.1"
223.104.213.10 - - [01/Apr/2019:12:11:55 +0800] "GET /logo HTTP/1.1" 200 2062 "-" "Mozilla/5.0 (iPhone; CPU iPhone OS 12_1_4 like Mac OS X) AppleWebKit/605.1.15 (KHTML, like Gecko) Version/12.0 Mobile/15E148 Safari/604.1"
223.104.213.10 - - [01/Apr/2019:12:11:55 +0800] "GET /static/css/main.dd672e3a.chunk.css HTTP/1.1" 304 0 "http://47.111.175.180/logo" "Mozilla/5.0 (iPhone; CPU iPhone OS 12_1_4 like Mac OS X) AppleWebKit/605.1.15 (KHTML, like Gecko) Version/12.0 Mobile/15E148 Safari/604.1"
223.104.213.10 - - [01/Apr/2019:12:11:55 +0800] "GET /static/js/main.b00495d2.chunk.js HTTP/1.1" 304 0 "http://47.111.175.180/logo" "Mozilla/5.0 (iPhone; CPU iPhone OS 12_1_4 like Mac OS X) AppleWebKit/605.1.15 (KHTML, like Gecko) Version/12.0 Mobile/15E148 Safari/604.1"
223.104.213.10 - - [01/Apr/2019:12:11:55 +0800] "GET /static/js/2.e6fdaf89.chunk.js HTTP/1.1" 304 0 "http://47.111.175.180/logo" "Mozilla/5.0 (iPhone; CPU iPhone OS 12_1_4 like Mac OS X) AppleWebKit/605.1.15 (KHTML, like Gecko) Version/12.0 Mobile/15E148 Safari/604.1"
223.104.213.10 - - [01/Apr/2019:12:11:56 +0800] "GET /static/media/ng-scope.5a9adad6.jpg HTTP/1.1" 304 0 "http://47.111.175.180/logo" "Mozilla/5.0 (iPhone; CPU iPhone OS 12_1_4 like Mac OS X) AppleWebKit/605.1.15 (KHTML, like Gecko) Version/12.0 Mobile/15E148 Safari/604.1"
